[2025-05-08T17:24:57.046+0300][0.001s][info][gc] Using G1
[2025-05-08T17:24:57.046+0300][0.002s][debug][gc] ConcGCThreads: 3 offset 29
[2025-05-08T17:24:57.046+0300][0.002s][debug][gc] ParallelGCThreads: 13
[2025-05-08T17:24:57.046+0300][0.002s][debug][gc] Initialize mark stack with 4096 chunks, maximum 524288
[2025-05-08T17:24:57.199+0300][0,154s][info ][gc] GC(0) Pause Young (Normal) (G1 Evacuation Pause) 26M->5M(512M) 2,866ms
[2025-05-08T17:24:57.231+0300][0,186s][info ][gc] GC(1) Pause Young (Normal) (G1 Evacuation Pause) 45M->5M(512M) 1,837ms
[2025-05-08T17:24:57.395+0300][0,350s][info ][gc] GC(2) Pause Young (Normal) (G1 Evacuation Pause) 309M->4M(512M) 2,049ms
[2025-05-08T17:24:57.542+0300][0,497s][info ][gc] GC(3) Pause Young (Normal) (G1 Evacuation Pause) 309M->4M(512M) 0,678ms
[2025-05-08T17:24:57.688+0300][0,644s][info ][gc] GC(4) Pause Young (Normal) (G1 Evacuation Pause) 309M->3M(512M) 0,660ms
[2025-05-08T17:24:57.836+0300][0,792s][info ][gc] GC(5) Pause Young (Normal) (G1 Evacuation Pause) 309M->5M(512M) 1,081ms
[2025-05-08T17:24:57.982+0300][0,937s][info ][gc] GC(6) Pause Young (Normal) (G1 Evacuation Pause) 309M->5M(512M) 1,039ms
[2025-05-08T17:24:58.127+0300][1,082s][info ][gc] GC(7) Pause Young (Normal) (G1 Evacuation Pause) 309M->4M(512M) 0,821ms
[2025-05-08T17:24:58.279+0300][1,234s][info ][gc] GC(8) Pause Young (Normal) (G1 Evacuation Pause) 309M->3M(512M) 0,656ms
[2025-05-08T17:24:58.422+0300][1,377s][info ][gc] GC(9) Pause Young (Normal) (G1 Evacuation Pause) 309M->3M(512M) 0,466ms
[2025-05-08T17:24:58.565+0300][1,520s][info ][gc] GC(10) Pause Young (Normal) (G1 Evacuation Pause) 309M->5M(512M) 1,246ms
[2025-05-08T17:24:58.707+0300][1,662s][info ][gc] GC(11) Pause Young (Normal) (G1 Evacuation Pause) 309M->5M(512M) 0,942ms
[2025-05-08T17:24:58.850+0300][1,805s][info ][gc] GC(12) Pause Young (Normal) (G1 Evacuation Pause) 309M->4M(512M) 0,836ms
[2025-05-08T17:24:59.002+0300][1,957s][info ][gc] GC(13) Pause Young (Normal) (G1 Evacuation Pause) 309M->3M(512M) 0,792ms
[2025-05-08T17:24:59.155+0300][2,111s][info ][gc] GC(14) Pause Young (Normal) (G1 Evacuation Pause) 309M->6M(512M) 2,041ms
[2025-05-08T17:24:59.306+0300][2,261s][info ][gc] GC(15) Pause Young (Normal) (G1 Evacuation Pause) 309M->5M(512M) 0,999ms
[2025-05-08T17:24:59.457+0300][2,412s][info ][gc] GC(16) Pause Young (Normal) (G1 Evacuation Pause) 309M->4M(512M) 0,678ms
[2025-05-08T17:24:59.608+0300][2,563s][info ][gc] GC(17) Pause Young (Normal) (G1 Evacuation Pause) 309M->3M(512M) 0,723ms
[2025-05-08T17:24:59.759+0300][2,715s][info ][gc] GC(18) Pause Young (Normal) (G1 Evacuation Pause) 309M->3M(512M) 0,557ms
[2025-05-08T17:24:59.911+0300][2,866s][info ][gc] GC(19) Pause Young (Normal) (G1 Evacuation Pause) 309M->5M(512M) 0,970ms
[2025-05-08T17:25:00.061+0300][3,017s][info ][gc] GC(20) Pause Young (Normal) (G1 Evacuation Pause) 309M->5M(512M) 0,847ms
[2025-05-08T17:25:00.212+0300][3,167s][info ][gc] GC(21) Pause Young (Normal) (G1 Evacuation Pause) 309M->4M(512M) 0,847ms
[2025-05-08T17:25:00.363+0300][3,318s][info ][gc] GC(22) Pause Young (Normal) (G1 Evacuation Pause) 309M->3M(512M) 0,641ms
[2025-05-08T17:25:00.514+0300][3,470s][info ][gc] GC(23) Pause Young (Normal) (G1 Evacuation Pause) 309M->6M(512M) 1,194ms
[2025-05-08T17:25:00.664+0300][3,620s][info ][gc] GC(24) Pause Young (Normal) (G1 Evacuation Pause) 309M->5M(512M) 0,763ms
[2025-05-08T17:25:00.815+0300][3,770s][info ][gc] GC(25) Pause Young (Normal) (G1 Evacuation Pause) 309M->4M(512M) 0,643ms
[2025-05-08T17:25:00.966+0300][3,921s][info ][gc] GC(26) Pause Young (Normal) (G1 Evacuation Pause) 309M->3M(512M) 0,707ms
[2025-05-08T17:25:01.117+0300][4,072s][info ][gc] GC(27) Pause Young (Normal) (G1 Evacuation Pause) 309M->3M(512M) 0,602ms
[2025-05-08T17:25:01.269+0300][4,225s][info ][gc] GC(28) Pause Young (Normal) (G1 Evacuation Pause) 309M->5M(512M) 1,340ms
[2025-05-08T17:25:01.420+0300][4,376s][info ][gc] GC(29) Pause Young (Normal) (G1 Evacuation Pause) 309M->5M(512M) 0,926ms
[2025-05-08T17:25:01.571+0300][4,527s][info ][gc] GC(30) Pause Young (Normal) (G1 Evacuation Pause) 309M->4M(512M) 0,842ms
[2025-05-08T17:25:01.723+0300][4,678s][info ][gc] GC(31) Pause Young (Normal) (G1 Evacuation Pause) 309M->3M(512M) 0,698ms
[2025-05-08T17:25:01.875+0300][4,831s][info ][gc] GC(32) Pause Young (Normal) (G1 Evacuation Pause) 309M->6M(512M) 1,191ms
[2025-05-08T17:25:02.026+0300][4,981s][info ][gc] GC(33) Pause Young (Normal) (G1 Evacuation Pause) 309M->5M(512M) 1,001ms
[2025-05-08T17:25:02.177+0300][5,132s][info ][gc] GC(34) Pause Young (Normal) (G1 Evacuation Pause) 309M->4M(512M) 0,942ms
[2025-05-08T17:25:02.329+0300][5,284s][info ][gc] GC(35) Pause Young (Normal) (G1 Evacuation Pause) 309M->4M(512M) 0,662ms
[2025-05-08T17:25:02.480+0300][5,436s][info ][gc] GC(36) Pause Young (Normal) (G1 Evacuation Pause) 310M->3M(512M) 0,677ms
[2025-05-08T17:25:02.632+0300][5,587s][info ][gc] GC(37) Pause Young (Normal) (G1 Evacuation Pause) 309M->5M(512M) 1,056ms
[2025-05-08T17:25:02.783+0300][5,738s][info ][gc] GC(38) Pause Young (Normal) (G1 Evacuation Pause) 309M->5M(512M) 0,851ms
[2025-05-08T17:25:02.933+0300][5,888s][info ][gc] GC(39) Pause Young (Normal) (G1 Evacuation Pause) 309M->4M(512M) 0,775ms
[2025-05-08T17:25:03.083+0300][6,039s][info ][gc] GC(40) Pause Young (Normal) (G1 Evacuation Pause) 309M->3M(512M) 0,662ms
[2025-05-08T17:25:03.235+0300][6,190s][info ][gc] GC(41) Pause Young (Normal) (G1 Evacuation Pause) 309M->3M(512M) 0,521ms
[2025-05-08T17:25:03.386+0300][6,342s][info ][gc] GC(42) Pause Young (Normal) (G1 Evacuation Pause) 309M->5M(512M) 1,120ms
[2025-05-08T17:25:03.537+0300][6,492s][info ][gc] GC(43) Pause Young (Normal) (G1 Evacuation Pause) 309M->5M(512M) 0,687ms
[2025-05-08T17:25:03.688+0300][6,643s][info ][gc] GC(44) Pause Young (Normal) (G1 Evacuation Pause) 310M->4M(512M) 0,745ms
[2025-05-08T17:25:03.839+0300][6,794s][info ][gc] GC(45) Pause Young (Normal) (G1 Evacuation Pause) 309M->3M(512M) 0,642ms
[2025-05-08T17:25:03.990+0300][6,945s][info ][gc] GC(46) Pause Young (Normal) (G1 Evacuation Pause) 309M->3M(512M) 0,563ms
[2025-05-08T17:25:04.141+0300][7,096s][info ][gc] GC(47) Pause Young (Normal) (G1 Evacuation Pause) 309M->5M(512M) 1,001ms
[2025-05-08T17:25:04.291+0300][7,247s][info ][gc] GC(48) Pause Young (Normal) (G1 Evacuation Pause) 309M->5M(512M) 0,848ms
[2025-05-08T17:25:04.442+0300][7,397s][info ][gc] GC(49) Pause Young (Normal) (G1 Evacuation Pause) 310M->4M(512M) 0,878ms
[2025-05-08T17:25:04.593+0300][7,548s][info ][gc] GC(50) Pause Young (Normal) (G1 Evacuation Pause) 309M->3M(512M) 0,554ms
[2025-05-08T17:25:04.744+0300][7,699s][info ][gc] GC(51) Pause Young (Normal) (G1 Evacuation Pause) 309M->3M(512M) 0,466ms
[2025-05-08T17:25:04.895+0300][7,851s][info ][gc] GC(52) Pause Young (Normal) (G1 Evacuation Pause) 309M->5M(512M) 1,086ms
[2025-05-08T17:25:05.046+0300][8,001s][info ][gc] GC(53) Pause Young (Normal) (G1 Evacuation Pause) 309M->5M(512M) 0,866ms
[2025-05-08T17:25:05.196+0300][8,152s][info ][gc] GC(54) Pause Young (Normal) (G1 Evacuation Pause) 310M->4M(512M) 0,859ms
[2025-05-08T17:25:05.347+0300][8,303s][info ][gc] GC(55) Pause Young (Normal) (G1 Evacuation Pause) 309M->3M(512M) 0,695ms
[2025-05-08T17:25:05.499+0300][8,454s][info ][gc] GC(56) Pause Young (Normal) (G1 Evacuation Pause) 309M->6M(512M) 1,159ms
[2025-05-08T17:25:05.649+0300][8,604s][info ][gc] GC(57) Pause Young (Normal) (G1 Evacuation Pause) 309M->5M(512M) 1,020ms
[2025-05-08T17:25:05.800+0300][8,755s][info ][gc] GC(58) Pause Young (Normal) (G1 Evacuation Pause) 309M->4M(512M) 1,045ms
[2025-05-08T17:25:05.951+0300][8,906s][info ][gc] GC(59) Pause Young (Normal) (G1 Evacuation Pause) 309M->3M(512M) 0,735ms
[2025-05-08T17:25:06.101+0300][9,057s][info ][gc] GC(60) Pause Young (Normal) (G1 Evacuation Pause) 309M->3M(512M) 0,614ms
[2025-05-08T17:25:06.253+0300][9,209s][info ][gc] GC(61) Pause Young (Normal) (G1 Evacuation Pause) 309M->5M(512M) 1,171ms
[2025-05-08T17:25:06.403+0300][9,359s][info ][gc] GC(62) Pause Young (Normal) (G1 Evacuation Pause) 309M->5M(512M) 0,862ms
[2025-05-08T17:25:06.554+0300][9,509s][info ][gc] GC(63) Pause Young (Normal) (G1 Evacuation Pause) 309M->4M(512M) 0,819ms
[2025-05-08T17:25:06.704+0300][9,660s][info ][gc] GC(64) Pause Young (Normal) (G1 Evacuation Pause) 309M->3M(512M) 0,683ms
[2025-05-08T17:25:06.856+0300][9,811s][info ][gc] GC(65) Pause Young (Normal) (G1 Evacuation Pause) 309M->3M(512M) 0,637ms
[2025-05-08T17:25:07.007+0300][9,962s][info ][gc] GC(66) Pause Young (Normal) (G1 Evacuation Pause) 309M->5M(512M) 0,968ms
[2025-05-08T17:25:07.157+0300][10,112s][info ][gc] GC(67) Pause Young (Normal) (G1 Evacuation Pause) 309M->5M(512M) 0,867ms
[2025-05-08T17:25:07.307+0300][10,263s][info ][gc] GC(68) Pause Young (Normal) (G1 Evacuation Pause) 309M->4M(512M) 0,823ms
[2025-05-08T17:25:07.458+0300][10,413s][info ][gc] GC(69) Pause Young (Normal) (G1 Evacuation Pause) 309M->3M(512M) 0,630ms
[2025-05-08T17:25:07.610+0300][10,565s][info ][gc] GC(70) Pause Young (Normal) (G1 Evacuation Pause) 309M->6M(512M) 1,211ms
[2025-05-08T17:25:07.760+0300][10,716s][info ][gc] GC(71) Pause Young (Normal) (G1 Evacuation Pause) 309M->5M(512M) 0,857ms
[2025-05-08T17:25:07.911+0300][10,866s][info ][gc] GC(72) Pause Young (Normal) (G1 Evacuation Pause) 309M->4M(512M) 0,875ms
[2025-05-08T17:25:08.061+0300][11,016s][info ][gc] GC(73) Pause Young (Normal) (G1 Evacuation Pause) 309M->3M(512M) 0,625ms
[2025-05-08T17:25:08.212+0300][11,167s][info ][gc] GC(74) Pause Young (Normal) (G1 Evacuation Pause) 309M->3M(512M) 0,541ms
[2025-05-08T17:25:08.363+0300][11,319s][info ][gc] GC(75) Pause Young (Normal) (G1 Evacuation Pause) 309M->5M(512M) 0,935ms
[2025-05-08T17:25:08.513+0300][11,469s][info ][gc] GC(76) Pause Young (Normal) (G1 Evacuation Pause) 309M->5M(512M) 0,783ms
[2025-05-08T17:25:08.664+0300][11,619s][info ][gc] GC(77) Pause Young (Normal) (G1 Evacuation Pause) 309M->4M(512M) 0,875ms
[2025-05-08T17:25:08.815+0300][11,770s][info ][gc] GC(78) Pause Young (Normal) (G1 Evacuation Pause) 309M->3M(512M) 0,706ms
[2025-05-08T17:25:08.966+0300][11,922s][info ][gc] GC(79) Pause Young (Normal) (G1 Evacuation Pause) 309M->6M(512M) 1,118ms
[2025-05-08T17:25:09.116+0300][12,071s][info ][gc] GC(80) Pause Young (Normal) (G1 Evacuation Pause) 309M->5M(512M) 0,954ms
[2025-05-08T17:25:09.267+0300][12,222s][info ][gc] GC(81) Pause Young (Normal) (G1 Evacuation Pause) 309M->4M(512M) 0,852ms
[2025-05-08T17:25:09.417+0300][12,373s][info ][gc] GC(82) Pause Young (Normal) (G1 Evacuation Pause) 309M->3M(512M) 0,690ms
[2025-05-08T17:25:09.569+0300][12,524s][info ][gc] GC(83) Pause Young (Normal) (G1 Evacuation Pause) 309M->3M(512M) 0,733ms
[2025-05-08T17:25:09.721+0300][12,676s][info ][gc] GC(84) Pause Young (Normal) (G1 Evacuation Pause) 309M->5M(512M) 0,995ms
[2025-05-08T17:25:09.871+0300][12,827s][info ][gc] GC(85) Pause Young (Normal) (G1 Evacuation Pause) 309M->5M(512M) 0,826ms
[2025-05-08T17:25:10.021+0300][12,977s][info ][gc] GC(86) Pause Young (Normal) (G1 Evacuation Pause) 309M->4M(512M) 0,705ms
[2025-05-08T17:25:10.172+0300][13,127s][info ][gc] GC(87) Pause Young (Normal) (G1 Evacuation Pause) 309M->3M(512M) 0,691ms
[2025-05-08T17:25:10.323+0300][13,279s][info ][gc] GC(88) Pause Young (Normal) (G1 Evacuation Pause) 309M->6M(512M) 1,155ms
[2025-05-08T17:25:10.473+0300][13,429s][info ][gc] GC(89) Pause Young (Normal) (G1 Evacuation Pause) 309M->5M(512M) 0,850ms
[2025-05-08T17:25:10.623+0300][13,579s][info ][gc] GC(90) Pause Young (Normal) (G1 Evacuation Pause) 309M->4M(512M) 0,884ms
[2025-05-08T17:25:10.774+0300][13,730s][info ][gc] GC(91) Pause Young (Normal) (G1 Evacuation Pause) 309M->3M(512M) 0,666ms
[2025-05-08T17:25:10.925+0300][13,881s][info ][gc] GC(92) Pause Young (Normal) (G1 Evacuation Pause) 309M->3M(512M) 0,547ms
[2025-05-08T17:25:11.077+0300][14,032s][info ][gc] GC(93) Pause Young (Normal) (G1 Evacuation Pause) 309M->5M(512M) 0,935ms
[2025-05-08T17:25:11.227+0300][14,182s][info ][gc] GC(94) Pause Young (Normal) (G1 Evacuation Pause) 309M->5M(512M) 0,998ms
[2025-05-08T17:25:11.377+0300][14,333s][info ][gc] GC(95) Pause Young (Normal) (G1 Evacuation Pause) 309M->4M(512M) 0,864ms
[2025-05-08T17:25:11.528+0300][14,484s][info ][gc] GC(96) Pause Young (Normal) (G1 Evacuation Pause) 309M->3M(512M) 1,131ms
[2025-05-08T17:25:11.679+0300][14,635s][info ][gc] GC(97) Pause Young (Normal) (G1 Evacuation Pause) 309M->6M(512M) 1,183ms
[2025-05-08T17:25:11.830+0300][14,785s][info ][gc] GC(98) Pause Young (Normal) (G1 Evacuation Pause) 309M->5M(512M) 0,999ms
[2025-05-08T17:25:11.980+0300][14,935s][info ][gc] GC(99) Pause Young (Normal) (G1 Evacuation Pause) 309M->4M(512M) 0,862ms
[2025-05-08T17:25:12.130+0300][15,086s][info ][gc] GC(100) Pause Young (Normal) (G1 Evacuation Pause) 309M->4M(512M) 0,728ms
[2025-05-08T17:25:12.281+0300][15,237s][info ][gc] GC(101) Pause Young (Normal) (G1 Evacuation Pause) 310M->3M(512M) 0,600ms
[2025-05-08T17:25:12.432+0300][15,388s][info ][gc] GC(102) Pause Young (Normal) (G1 Evacuation Pause) 309M->5M(512M) 0,941ms
[2025-05-08T17:25:12.583+0300][15,539s][info ][gc] GC(103) Pause Young (Normal) (G1 Evacuation Pause) 309M->5M(512M) 0,942ms
[2025-05-08T17:25:12.733+0300][15,689s][info ][gc] GC(104) Pause Young (Normal) (G1 Evacuation Pause) 309M->4M(512M) 0,647ms
[2025-05-08T17:25:12.884+0300][15,839s][info ][gc] GC(105) Pause Young (Normal) (G1 Evacuation Pause) 309M->3M(512M) 0,669ms
[2025-05-08T17:25:13.035+0300][15,991s][info ][gc] GC(106) Pause Young (Normal) (G1 Evacuation Pause) 309M->3M(512M) 1,114ms
[2025-05-08T17:25:13.186+0300][16,142s][info ][gc] GC(107) Pause Young (Normal) (G1 Evacuation Pause) 309M->5M(512M) 0,948ms
[2025-05-08T17:25:13.337+0300][16,293s][info ][gc] GC(108) Pause Young (Normal) (G1 Evacuation Pause) 309M->5M(512M) 0,882ms
[2025-05-08T17:25:13.488+0300][16,443s][info ][gc] GC(109) Pause Young (Normal) (G1 Evacuation Pause) 310M->4M(512M) 0,851ms
[2025-05-08T17:25:13.639+0300][16,594s][info ][gc] GC(110) Pause Young (Normal) (G1 Evacuation Pause) 309M->3M(512M) 0,778ms
[2025-05-08T17:25:13.790+0300][16,745s][info ][gc] GC(111) Pause Young (Normal) (G1 Evacuation Pause) 309M->3M(512M) 0,545ms
[2025-05-08T17:25:13.942+0300][16,897s][info ][gc] GC(112) Pause Young (Normal) (G1 Evacuation Pause) 309M->5M(512M) 1,028ms
[2025-05-08T17:25:14.092+0300][17,047s][info ][gc] GC(113) Pause Young (Normal) (G1 Evacuation Pause) 309M->5M(512M) 0,924ms
[2025-05-08T17:25:14.243+0300][17,198s][info ][gc] GC(114) Pause Young (Normal) (G1 Evacuation Pause) 310M->4M(512M) 0,795ms
[2025-05-08T17:25:14.394+0300][17,349s][info ][gc] GC(115) Pause Young (Normal) (G1 Evacuation Pause) 309M->3M(512M) 0,679ms
[2025-05-08T17:25:14.546+0300][17,501s][info ][gc] GC(116) Pause Young (Normal) (G1 Evacuation Pause) 309M->6M(512M) 1,203ms
[2025-05-08T17:25:14.695+0300][17,651s][info ][gc] GC(117) Pause Young (Normal) (G1 Evacuation Pause) 309M->5M(512M) 0,889ms
[2025-05-08T17:25:14.846+0300][17,802s][info ][gc] GC(118) Pause Young (Normal) (G1 Evacuation Pause) 309M->4M(512M) 0,727ms
[2025-05-08T17:25:14.997+0300][17,953s][info ][gc] GC(119) Pause Young (Normal) (G1 Evacuation Pause) 309M->4M(512M) 0,791ms
[2025-05-08T17:25:15.148+0300][18,104s][info ][gc] GC(120) Pause Young (Normal) (G1 Evacuation Pause) 310M->3M(512M) 0,646ms
[2025-05-08T17:25:15.300+0300][18,256s][info ][gc] GC(121) Pause Young (Normal) (G1 Evacuation Pause) 309M->5M(512M) 1,202ms
[2025-05-08T17:25:15.451+0300][18,406s][info ][gc] GC(122) Pause Young (Normal) (G1 Evacuation Pause) 309M->5M(512M) 0,888ms
[2025-05-08T17:25:15.601+0300][18,557s][info ][gc] GC(123) Pause Young (Normal) (G1 Evacuation Pause) 309M->4M(512M) 0,810ms
[2025-05-08T17:25:15.752+0300][18,708s][info ][gc] GC(124) Pause Young (Normal) (G1 Evacuation Pause) 309M->3M(512M) 0,685ms
[2025-05-08T17:25:15.904+0300][18,860s][info ][gc] GC(125) Pause Young (Normal) (G1 Evacuation Pause) 309M->3M(512M) 0,580ms
[2025-05-08T17:25:16.056+0300][19,011s][info ][gc] GC(126) Pause Young (Normal) (G1 Evacuation Pause) 309M->5M(512M) 1,015ms
[2025-05-08T17:25:16.207+0300][19,162s][info ][gc] GC(127) Pause Young (Normal) (G1 Evacuation Pause) 309M->5M(512M) 1,054ms
[2025-05-08T17:25:16.358+0300][19,313s][info ][gc] GC(128) Pause Young (Normal) (G1 Evacuation Pause) 310M->4M(512M) 0,830ms
[2025-05-08T17:25:16.509+0300][19,465s][info ][gc] GC(129) Pause Young (Normal) (G1 Evacuation Pause) 309M->3M(512M) 0,686ms
[2025-05-08T17:25:16.663+0300][19,618s][info ][gc] GC(130) Pause Young (Normal) (G1 Evacuation Pause) 309M->3M(512M) 0,584ms
[2025-05-08T17:25:16.815+0300][19,771s][info ][gc] GC(131) Pause Young (Normal) (G1 Evacuation Pause) 309M->5M(512M) 1,074ms
[2025-05-08T17:25:16.966+0300][19,922s][info ][gc] GC(132) Pause Young (Normal) (G1 Evacuation Pause) 309M->5M(512M) 0,814ms
[2025-05-08T17:25:17.117+0300][20,072s][info ][gc] GC(133) Pause Young (Normal) (G1 Evacuation Pause) 309M->4M(512M) 0,866ms
[2025-05-08T17:25:17.268+0300][20,224s][info ][gc] GC(134) Pause Young (Normal) (G1 Evacuation Pause) 309M->3M(512M) 0,693ms
[2025-05-08T17:25:17.420+0300][20,376s][info ][gc] GC(135) Pause Young (Normal) (G1 Evacuation Pause) 309M->6M(512M) 1,131ms
[2025-05-08T17:25:17.570+0300][20,526s][info ][gc] GC(136) Pause Young (Normal) (G1 Evacuation Pause) 309M->5M(512M) 0,865ms
[2025-05-08T17:25:17.721+0300][20,677s][info ][gc] GC(137) Pause Young (Normal) (G1 Evacuation Pause) 309M->4M(512M) 0,852ms
[2025-05-08T17:25:17.873+0300][20,828s][info ][gc] GC(138) Pause Young (Normal) (G1 Evacuation Pause) 309M->3M(512M) 0,699ms
[2025-05-08T17:25:18.024+0300][20,979s][info ][gc] GC(139) Pause Young (Normal) (G1 Evacuation Pause) 309M->3M(512M) 0,611ms
[2025-05-08T17:25:18.175+0300][21,131s][info ][gc] GC(140) Pause Young (Normal) (G1 Evacuation Pause) 309M->5M(512M) 1,074ms
[2025-05-08T17:25:18.326+0300][21,282s][info ][gc] GC(141) Pause Young (Normal) (G1 Evacuation Pause) 309M->5M(512M) 0,881ms
[2025-05-08T17:25:18.477+0300][21,432s][info ][gc] GC(142) Pause Young (Normal) (G1 Evacuation Pause) 309M->4M(512M) 0,749ms
[2025-05-08T17:25:18.628+0300][21,583s][info ][gc] GC(143) Pause Young (Normal) (G1 Evacuation Pause) 309M->3M(512M) 0,716ms
[2025-05-08T17:25:18.780+0300][21,736s][info ][gc] GC(144) Pause Young (Normal) (G1 Evacuation Pause) 309M->6M(512M) 1,152ms
[2025-05-08T17:25:18.932+0300][21,888s][info ][gc] GC(145) Pause Young (Normal) (G1 Evacuation Pause) 309M->5M(512M) 0,953ms
[2025-05-08T17:25:19.083+0300][22,039s][info ][gc] GC(146) Pause Young (Normal) (G1 Evacuation Pause) 309M->4M(512M) 0,857ms
[2025-05-08T17:25:19.234+0300][22,190s][info ][gc] GC(147) Pause Young (Normal) (G1 Evacuation Pause) 309M->3M(512M) 0,672ms
[2025-05-08T17:25:19.386+0300][22,341s][info ][gc] GC(148) Pause Young (Normal) (G1 Evacuation Pause) 309M->3M(512M) 0,537ms
[2025-05-08T17:25:19.538+0300][22,493s][info ][gc] GC(149) Pause Young (Normal) (G1 Evacuation Pause) 309M->5M(512M) 0,949ms
[2025-05-08T17:25:19.688+0300][22,644s][info ][gc] GC(150) Pause Young (Normal) (G1 Evacuation Pause) 309M->5M(512M) 0,846ms
[2025-05-08T17:25:19.839+0300][22,795s][info ][gc] GC(151) Pause Young (Normal) (G1 Evacuation Pause) 309M->4M(512M) 0,843ms
[2025-05-08T17:25:19.990+0300][22,945s][info ][gc] GC(152) Pause Young (Normal) (G1 Evacuation Pause) 309M->3M(512M) 0,665ms
[2025-05-08T17:25:20.142+0300][23,097s][info ][gc] GC(153) Pause Young (Normal) (G1 Evacuation Pause) 309M->6M(512M) 1,448ms
[2025-05-08T17:25:20.292+0300][23,248s][info ][gc] GC(154) Pause Young (Normal) (G1 Evacuation Pause) 309M->5M(512M) 0,869ms
[2025-05-08T17:25:20.443+0300][23,399s][info ][gc] GC(155) Pause Young (Normal) (G1 Evacuation Pause) 309M->4M(512M) 0,873ms
[2025-05-08T17:25:20.595+0300][23,550s][info ][gc] GC(156) Pause Young (Normal) (G1 Evacuation Pause) 309M->3M(512M) 0,795ms
[2025-05-08T17:25:20.747+0300][23,702s][info ][gc] GC(157) Pause Young (Normal) (G1 Evacuation Pause) 309M->3M(512M) 0,533ms
[2025-05-08T17:25:20.901+0300][23,857s][info ][gc] GC(158) Pause Young (Normal) (G1 Evacuation Pause) 309M->5M(512M) 1,115ms
[2025-05-08T17:25:21.054+0300][24,009s][info ][gc] GC(159) Pause Young (Normal) (G1 Evacuation Pause) 309M->5M(512M) 0,898ms
[2025-05-08T17:25:21.205+0300][24,161s][info ][gc] GC(160) Pause Young (Normal) (G1 Evacuation Pause) 309M->4M(512M) 0,752ms
[2025-05-08T17:25:21.356+0300][24,311s][info ][gc] GC(161) Pause Young (Normal) (G1 Evacuation Pause) 309M->3M(512M) 0,798ms
[2025-05-08T17:25:21.507+0300][24,463s][info ][gc] GC(162) Pause Young (Normal) (G1 Evacuation Pause) 309M->6M(512M) 1,310ms
[2025-05-08T17:25:21.658+0300][24,614s][info ][gc] GC(163) Pause Young (Normal) (G1 Evacuation Pause) 309M->5M(512M) 0,759ms
[2025-05-08T17:25:21.809+0300][24,765s][info ][gc] GC(164) Pause Young (Normal) (G1 Evacuation Pause) 309M->4M(512M) 0,854ms
[2025-05-08T17:25:21.960+0300][24,916s][info ][gc] GC(165) Pause Young (Normal) (G1 Evacuation Pause) 309M->3M(512M) 0,679ms
[2025-05-08T17:25:22.112+0300][25,067s][info ][gc] GC(166) Pause Young (Normal) (G1 Evacuation Pause) 309M->3M(512M) 0,593ms
[2025-05-08T17:25:22.263+0300][25,219s][info ][gc] GC(167) Pause Young (Normal) (G1 Evacuation Pause) 309M->6M(512M) 0,950ms
[2025-05-08T17:25:22.414+0300][25,369s][info ][gc] GC(168) Pause Young (Normal) (G1 Evacuation Pause) 310M->5M(512M) 0,840ms
[2025-05-08T17:25:22.564+0300][25,519s][info ][gc] GC(169) Pause Young (Normal) (G1 Evacuation Pause) 309M->4M(512M) 0,762ms
[2025-05-08T17:25:22.714+0300][25,670s][info ][gc] GC(170) Pause Young (Normal) (G1 Evacuation Pause) 309M->3M(512M) 0,686ms
[2025-05-08T17:25:22.865+0300][25,820s][info ][gc] GC(171) Pause Young (Normal) (G1 Evacuation Pause) 309M->3M(512M) 0,332ms
[2025-05-08T17:25:23.016+0300][25,972s][info ][gc] GC(172) Pause Young (Normal) (G1 Evacuation Pause) 309M->5M(512M) 1,010ms
[2025-05-08T17:25:23.167+0300][26,122s][info ][gc] GC(173) Pause Young (Normal) (G1 Evacuation Pause) 309M->5M(512M) 0,881ms
[2025-05-08T17:25:23.317+0300][26,273s][info ][gc] GC(174) Pause Young (Normal) (G1 Evacuation Pause) 309M->4M(512M) 0,824ms
[2025-05-08T17:25:23.468+0300][26,423s][info ][gc] GC(175) Pause Young (Normal) (G1 Evacuation Pause) 309M->3M(512M) 0,662ms
[2025-05-08T17:25:23.619+0300][26,574s][info ][gc] GC(176) Pause Young (Normal) (G1 Evacuation Pause) 309M->6M(512M) 0,979ms
[2025-05-08T17:25:23.769+0300][26,725s][info ][gc] GC(177) Pause Young (Normal) (G1 Evacuation Pause) 309M->5M(512M) 0,968ms
[2025-05-08T17:25:23.920+0300][26,875s][info ][gc] GC(178) Pause Young (Normal) (G1 Evacuation Pause) 309M->4M(512M) 0,779ms
[2025-05-08T17:25:24.071+0300][27,026s][info ][gc] GC(179) Pause Young (Normal) (G1 Evacuation Pause) 309M->3M(512M) 0,720ms
[2025-05-08T17:25:24.222+0300][27,177s][info ][gc] GC(180) Pause Young (Normal) (G1 Evacuation Pause) 309M->3M(512M) 0,545ms
[2025-05-08T17:25:24.373+0300][27,329s][info ][gc] GC(181) Pause Young (Normal) (G1 Evacuation Pause) 309M->5M(512M) 1,012ms
[2025-05-08T17:25:24.523+0300][27,479s][info ][gc] GC(182) Pause Young (Normal) (G1 Evacuation Pause) 309M->5M(512M) 0,833ms
[2025-05-08T17:25:24.673+0300][27,629s][info ][gc] GC(183) Pause Young (Normal) (G1 Evacuation Pause) 309M->4M(512M) 0,748ms
[2025-05-08T17:25:24.824+0300][27,780s][info ][gc] GC(184) Pause Young (Normal) (G1 Evacuation Pause) 309M->3M(512M) 0,703ms
[2025-05-08T17:25:24.976+0300][27,931s][info ][gc] GC(185) Pause Young (Normal) (G1 Evacuation Pause) 309M->6M(512M) 1,221ms
[2025-05-08T17:25:25.126+0300][28,082s][info ][gc] GC(186) Pause Young (Normal) (G1 Evacuation Pause) 309M->5M(512M) 0,744ms
[2025-05-08T17:25:25.277+0300][28,233s][info ][gc] GC(187) Pause Young (Normal) (G1 Evacuation Pause) 309M->4M(512M) 0,831ms
[2025-05-08T17:25:25.428+0300][28,384s][info ][gc] GC(188) Pause Young (Normal) (G1 Evacuation Pause) 309M->3M(512M) 0,695ms
[2025-05-08T17:25:25.580+0300][28,535s][info ][gc] GC(189) Pause Young (Normal) (G1 Evacuation Pause) 309M->3M(512M) 0,646ms
[2025-05-08T17:25:25.731+0300][28,687s][info ][gc] GC(190) Pause Young (Normal) (G1 Evacuation Pause) 309M->5M(512M) 0,899ms
[2025-05-08T17:25:25.882+0300][28,838s][info ][gc] GC(191) Pause Young (Normal) (G1 Evacuation Pause) 309M->5M(512M) 0,866ms
[2025-05-08T17:25:26.032+0300][28,987s][info ][gc] GC(192) Pause Young (Normal) (G1 Evacuation Pause) 309M->4M(512M) 0,645ms
[2025-05-08T17:25:26.182+0300][29,138s][info ][gc] GC(193) Pause Young (Normal) (G1 Evacuation Pause) 309M->3M(512M) 0,705ms
[2025-05-08T17:25:26.334+0300][29,290s][info ][gc] GC(194) Pause Young (Normal) (G1 Evacuation Pause) 309M->6M(512M) 1,151ms
[2025-05-08T17:25:26.484+0300][29,439s][info ][gc] GC(195) Pause Young (Normal) (G1 Evacuation Pause) 309M->5M(512M) 0,898ms
[2025-05-08T17:25:26.634+0300][29,590s][info ][gc] GC(196) Pause Young (Normal) (G1 Evacuation Pause) 309M->4M(512M) 0,881ms
[2025-05-08T17:25:26.786+0300][29,742s][info ][gc] GC(197) Pause Young (Normal) (G1 Evacuation Pause) 309M->3M(512M) 0,686ms
[2025-05-08T17:25:26.938+0300][29,893s][info ][gc] GC(198) Pause Young (Normal) (G1 Evacuation Pause) 309M->3M(512M) 0,572ms
[2025-05-08T17:25:27.090+0300][30,045s][info ][gc] GC(199) Pause Young (Normal) (G1 Evacuation Pause) 309M->5M(512M) 1,016ms
[2025-05-08T17:25:27.240+0300][30,195s][info ][gc] GC(200) Pause Young (Normal) (G1 Evacuation Pause) 309M->5M(512M) 0,837ms
[2025-05-08T17:25:27.390+0300][30,346s][info ][gc] GC(201) Pause Young (Normal) (G1 Evacuation Pause) 309M->4M(512M) 0,868ms
[2025-05-08T17:25:27.541+0300][30,496s][info ][gc] GC(202) Pause Young (Normal) (G1 Evacuation Pause) 309M->3M(512M) 0,756ms
[2025-05-08T17:25:27.692+0300][30,647s][info ][gc] GC(203) Pause Young (Normal) (G1 Evacuation Pause) 309M->6M(512M) 1,160ms
[2025-05-08T17:25:27.842+0300][30,798s][info ][gc] GC(204) Pause Young (Normal) (G1 Evacuation Pause) 309M->5M(512M) 0,911ms
[2025-05-08T17:25:27.992+0300][30,947s][info ][gc] GC(205) Pause Young (Normal) (G1 Evacuation Pause) 309M->4M(512M) 0,784ms
[2025-05-08T17:25:28.143+0300][31,099s][info ][gc] GC(206) Pause Young (Normal) (G1 Evacuation Pause) 309M->3M(512M) 0,719ms
[2025-05-08T17:25:28.294+0300][31,250s][info ][gc] GC(207) Pause Young (Normal) (G1 Evacuation Pause) 309M->3M(512M) 0,616ms
[2025-05-08T17:25:28.446+0300][31,401s][info ][gc] GC(208) Pause Young (Normal) (G1 Evacuation Pause) 309M->6M(512M) 0,988ms
[2025-05-08T17:25:28.596+0300][31,551s][info ][gc] GC(209) Pause Young (Normal) (G1 Evacuation Pause) 310M->5M(512M) 0,864ms
[2025-05-08T17:25:28.746+0300][31,701s][info ][gc] GC(210) Pause Young (Normal) (G1 Evacuation Pause) 309M->4M(512M) 0,662ms
[2025-05-08T17:25:28.897+0300][31,852s][info ][gc] GC(211) Pause Young (Normal) (G1 Evacuation Pause) 309M->3M(512M) 0,652ms
[2025-05-08T17:25:29.050+0300][32,005s][info ][gc] GC(212) Pause Young (Normal) (G1 Evacuation Pause) 309M->6M(512M) 1,211ms
[2025-05-08T17:25:29.200+0300][32,156s][info ][gc] GC(213) Pause Young (Normal) (G1 Evacuation Pause) 309M->5M(512M) 0,846ms
[2025-05-08T17:25:29.351+0300][32,307s][info ][gc] GC(214) Pause Young (Normal) (G1 Evacuation Pause) 309M->4M(512M) 0,875ms
[2025-05-08T17:25:29.502+0300][32,458s][info ][gc] GC(215) Pause Young (Normal) (G1 Evacuation Pause) 309M->3M(512M) 0,677ms
[2025-05-08T17:25:29.654+0300][32,609s][info ][gc] GC(216) Pause Young (Normal) (G1 Evacuation Pause) 309M->3M(512M) 0,642ms
[2025-05-08T17:25:29.806+0300][32,762s][info ][gc] GC(217) Pause Young (Normal) (G1 Evacuation Pause) 309M->5M(512M) 1,172ms
[2025-05-08T17:25:29.958+0300][32,914s][info ][gc] GC(218) Pause Young (Normal) (G1 Evacuation Pause) 309M->5M(512M) 0,992ms
[2025-05-08T17:25:30.109+0300][33,065s][info ][gc] GC(219) Pause Young (Normal) (G1 Evacuation Pause) 309M->4M(512M) 0,885ms
[2025-05-08T17:25:30.261+0300][33,216s][info ][gc] GC(220) Pause Young (Normal) (G1 Evacuation Pause) 309M->3M(512M) 0,708ms
[2025-05-08T17:25:30.412+0300][33,368s][info ][gc] GC(221) Pause Young (Normal) (G1 Evacuation Pause) 309M->3M(512M) 0,562ms
[2025-05-08T17:25:30.564+0300][33,519s][info ][gc] GC(222) Pause Young (Normal) (G1 Evacuation Pause) 309M->5M(512M) 1,127ms
[2025-05-08T17:25:30.714+0300][33,670s][info ][gc] GC(223) Pause Young (Normal) (G1 Evacuation Pause) 309M->5M(512M) 0,834ms
[2025-05-08T17:25:30.867+0300][33,822s][info ][gc] GC(224) Pause Young (Normal) (G1 Evacuation Pause) 310M->4M(512M) 0,825ms
[2025-05-08T17:25:31.018+0300][33,973s][info ][gc] GC(225) Pause Young (Normal) (G1 Evacuation Pause) 309M->3M(512M) 0,791ms
[2025-05-08T17:25:31.170+0300][34,125s][info ][gc] GC(226) Pause Young (Normal) (G1 Evacuation Pause) 309M->3M(512M) 0,642ms
[2025-05-08T17:25:31.322+0300][34,277s][info ][gc] GC(227) Pause Young (Normal) (G1 Evacuation Pause) 309M->5M(512M) 1,158ms
[2025-05-08T17:25:31.472+0300][34,428s][info ][gc] GC(228) Pause Young (Normal) (G1 Evacuation Pause) 309M->5M(512M) 0,875ms
[2025-05-08T17:25:31.623+0300][34,579s][info ][gc] GC(229) Pause Young (Normal) (G1 Evacuation Pause) 309M->4M(512M) 1,033ms
[2025-05-08T17:25:31.774+0300][34,730s][info ][gc] GC(230) Pause Young (Normal) (G1 Evacuation Pause) 309M->3M(512M) 0,703ms
[2025-05-08T17:25:31.929+0300][34,884s][info ][gc] GC(231) Pause Young (Normal) (G1 Evacuation Pause) 309M->6M(512M) 1,060ms
[2025-05-08T17:25:32.079+0300][35,034s][info ][gc] GC(232) Pause Young (Normal) (G1 Evacuation Pause) 309M->5M(512M) 1,007ms
[2025-05-08T17:25:32.231+0300][35,186s][info ][gc] GC(233) Pause Young (Normal) (G1 Evacuation Pause) 309M->4M(512M) 0,890ms
[2025-05-08T17:25:32.382+0300][35,337s][info ][gc] GC(234) Pause Young (Normal) (G1 Evacuation Pause) 309M->3M(512M) 0,599ms
[2025-05-08T17:25:32.534+0300][35,489s][info ][gc] GC(235) Pause Young (Normal) (G1 Evacuation Pause) 309M->3M(512M) 0,552ms
[2025-05-08T17:25:32.686+0300][35,641s][info ][gc] GC(236) Pause Young (Normal) (G1 Evacuation Pause) 309M->5M(512M) 0,973ms
[2025-05-08T17:25:32.837+0300][35,792s][info ][gc] GC(237) Pause Young (Normal) (G1 Evacuation Pause) 309M->5M(512M) 0,860ms
[2025-05-08T17:25:32.987+0300][35,943s][info ][gc] GC(238) Pause Young (Normal) (G1 Evacuation Pause) 309M->4M(512M) 0,799ms
[2025-05-08T17:25:33.138+0300][36,094s][info ][gc] GC(239) Pause Young (Normal) (G1 Evacuation Pause) 309M->3M(512M) 0,690ms
[2025-05-08T17:25:33.290+0300][36,246s][info ][gc] GC(240) Pause Young (Normal) (G1 Evacuation Pause) 309M->6M(512M) 1,227ms
[2025-05-08T17:25:33.441+0300][36,397s][info ][gc] GC(241) Pause Young (Normal) (G1 Evacuation Pause) 309M->5M(512M) 0,959ms
[2025-05-08T17:25:33.592+0300][36,547s][info ][gc] GC(242) Pause Young (Normal) (G1 Evacuation Pause) 309M->4M(512M) 0,810ms
[2025-05-08T17:25:33.742+0300][36,698s][info ][gc] GC(243) Pause Young (Normal) (G1 Evacuation Pause) 309M->3M(512M) 0,654ms
[2025-05-08T17:25:33.894+0300][36,849s][info ][gc] GC(244) Pause Young (Normal) (G1 Evacuation Pause) 309M->3M(512M) 0,567ms
[2025-05-08T17:25:34.045+0300][37,000s][info ][gc] GC(245) Pause Young (Normal) (G1 Evacuation Pause) 309M->5M(512M) 1,056ms
[2025-05-08T17:25:34.195+0300][37,150s][info ][gc] GC(246) Pause Young (Normal) (G1 Evacuation Pause) 309M->5M(512M) 1,171ms
[2025-05-08T17:25:34.345+0300][37,301s][info ][gc] GC(247) Pause Young (Normal) (G1 Evacuation Pause) 309M->4M(512M) 0,924ms
[2025-05-08T17:25:34.496+0300][37,451s][info ][gc] GC(248) Pause Young (Normal) (G1 Evacuation Pause) 309M->3M(512M) 0,722ms
[2025-05-08T17:25:34.648+0300][37,603s][info ][gc] GC(249) Pause Young (Normal) (G1 Evacuation Pause) 309M->6M(512M) 0,947ms
[2025-05-08T17:25:34.798+0300][37,754s][info ][gc] GC(250) Pause Young (Normal) (G1 Evacuation Pause) 309M->5M(512M) 0,992ms
[2025-05-08T17:25:34.949+0300][37,905s][info ][gc] GC(251) Pause Young (Normal) (G1 Evacuation Pause) 309M->4M(512M) 0,852ms
[2025-05-08T17:25:35.100+0300][38,056s][info ][gc] GC(252) Pause Young (Normal) (G1 Evacuation Pause) 309M->3M(512M) 0,659ms
[2025-05-08T17:25:35.252+0300][38,207s][info ][gc] GC(253) Pause Young (Normal) (G1 Evacuation Pause) 309M->3M(512M) 0,523ms
[2025-05-08T17:25:35.403+0300][38,359s][info ][gc] GC(254) Pause Young (Normal) (G1 Evacuation Pause) 309M->5M(512M) 1,026ms
[2025-05-08T17:25:35.554+0300][38,510s][info ][gc] GC(255) Pause Young (Normal) (G1 Evacuation Pause) 309M->5M(512M) 1,156ms
[2025-05-08T17:25:35.705+0300][38,660s][info ][gc] GC(256) Pause Young (Normal) (G1 Evacuation Pause) 309M->4M(512M) 0,834ms
[2025-05-08T17:25:35.856+0300][38,812s][info ][gc] GC(257) Pause Young (Normal) (G1 Evacuation Pause) 309M->3M(512M) 0,725ms
[2025-05-08T17:25:36.008+0300][38,964s][info ][gc] GC(258) Pause Young (Normal) (G1 Evacuation Pause) 309M->6M(512M) 1,295ms
[2025-05-08T17:25:36.159+0300][39,114s][info ][gc] GC(259) Pause Young (Normal) (G1 Evacuation Pause) 309M->5M(512M) 1,014ms
[2025-05-08T17:25:36.310+0300][39,265s][info ][gc] GC(260) Pause Young (Normal) (G1 Evacuation Pause) 309M->4M(512M) 0,893ms
[2025-05-08T17:25:36.460+0300][39,416s][info ][gc] GC(261) Pause Young (Normal) (G1 Evacuation Pause) 309M->4M(512M) 0,669ms
[2025-05-08T17:25:36.612+0300][39,567s][info ][gc] GC(262) Pause Young (Normal) (G1 Evacuation Pause) 310M->3M(512M) 0,789ms
[2025-05-08T17:25:36.764+0300][39,719s][info ][gc] GC(263) Pause Young (Normal) (G1 Evacuation Pause) 309M->5M(512M) 1,195ms
[2025-05-08T17:25:36.914+0300][39,870s][info ][gc] GC(264) Pause Young (Normal) (G1 Evacuation Pause) 309M->5M(512M) 0,870ms
[2025-05-08T17:25:37.067+0300][40,022s][info ][gc] GC(265) Pause Young (Normal) (G1 Evacuation Pause) 309M->4M(512M) 0,805ms
[2025-05-08T17:25:37.216+0300][40,172s][info ][gc] GC(266) Pause Young (Normal) (G1 Evacuation Pause) 309M->3M(512M) 0,623ms
[2025-05-08T17:25:37.368+0300][40,323s][info ][gc] GC(267) Pause Young (Normal) (G1 Evacuation Pause) 309M->6M(512M) 1,214ms
[2025-05-08T17:25:37.517+0300][40,473s][info ][gc] GC(268) Pause Young (Normal) (G1 Evacuation Pause) 309M->5M(512M) 0,870ms
[2025-05-08T17:25:37.667+0300][40,623s][info ][gc] GC(269) Pause Young (Normal) (G1 Evacuation Pause) 309M->4M(512M) 0,956ms
[2025-05-08T17:25:37.818+0300][40,773s][info ][gc] GC(270) Pause Young (Normal) (G1 Evacuation Pause) 309M->3M(512M) 0,700ms
[2025-05-08T17:25:37.968+0300][40,924s][info ][gc] GC(271) Pause Young (Normal) (G1 Evacuation Pause) 309M->3M(512M) 0,642ms
[2025-05-08T17:25:38.120+0300][41,075s][info ][gc] GC(272) Pause Young (Normal) (G1 Evacuation Pause) 309M->5M(512M) 0,986ms
[2025-05-08T17:25:38.270+0300][41,225s][info ][gc] GC(273) Pause Young (Normal) (G1 Evacuation Pause) 309M->5M(512M) 0,803ms
[2025-05-08T17:25:38.421+0300][41,376s][info ][gc] GC(274) Pause Young (Normal) (G1 Evacuation Pause) 309M->4M(512M) 0,727ms
[2025-05-08T17:25:38.571+0300][41,526s][info ][gc] GC(275) Pause Young (Normal) (G1 Evacuation Pause) 309M->3M(512M) 0,699ms
[2025-05-08T17:25:38.722+0300][41,678s][info ][gc] GC(276) Pause Young (Normal) (G1 Evacuation Pause) 309M->3M(512M) 0,611ms
[2025-05-08T17:25:38.875+0300][41,830s][info ][gc] GC(277) Pause Young (Normal) (G1 Evacuation Pause) 309M->5M(512M) 1,299ms
[2025-05-08T17:25:39.025+0300][41,981s][info ][gc] GC(278) Pause Young (Normal) (G1 Evacuation Pause) 309M->5M(512M) 0,861ms
[2025-05-08T17:25:39.176+0300][42,132s][info ][gc] GC(279) Pause Young (Normal) (G1 Evacuation Pause) 310M->4M(512M) 0,874ms
[2025-05-08T17:25:39.327+0300][42,283s][info ][gc] GC(280) Pause Young (Normal) (G1 Evacuation Pause) 309M->3M(512M) 0,686ms
[2025-05-08T17:25:39.479+0300][42,434s][info ][gc] GC(281) Pause Young (Normal) (G1 Evacuation Pause) 309M->3M(512M) 0,629ms
[2025-05-08T17:25:39.631+0300][42,586s][info ][gc] GC(282) Pause Young (Normal) (G1 Evacuation Pause) 309M->5M(512M) 1,258ms
[2025-05-08T17:25:39.782+0300][42,737s][info ][gc] GC(283) Pause Young (Normal) (G1 Evacuation Pause) 309M->5M(512M) 0,819ms
[2025-05-08T17:25:39.933+0300][42,888s][info ][gc] GC(284) Pause Young (Normal) (G1 Evacuation Pause) 310M->4M(512M) 0,843ms
[2025-05-08T17:25:40.084+0300][43,039s][info ][gc] GC(285) Pause Young (Normal) (G1 Evacuation Pause) 309M->3M(512M) 0,611ms
[2025-05-08T17:25:40.235+0300][43,190s][info ][gc] GC(286) Pause Young (Normal) (G1 Evacuation Pause) 309M->3M(512M) 0,473ms
[2025-05-08T17:25:40.387+0300][43,343s][info ][gc] GC(287) Pause Young (Normal) (G1 Evacuation Pause) 309M->5M(512M) 1,251ms
[2025-05-08T17:25:40.538+0300][43,494s][info ][gc] GC(288) Pause Young (Normal) (G1 Evacuation Pause) 309M->5M(512M) 0,986ms
[2025-05-08T17:25:40.689+0300][43,645s][info ][gc] GC(289) Pause Young (Normal) (G1 Evacuation Pause) 310M->4M(512M) 0,869ms
[2025-05-08T17:25:40.840+0300][43,796s][info ][gc] GC(290) Pause Young (Normal) (G1 Evacuation Pause) 309M->3M(512M) 0,600ms
[2025-05-08T17:25:40.992+0300][43,948s][info ][gc] GC(291) Pause Young (Normal) (G1 Evacuation Pause) 309M->6M(512M) 1,265ms
[2025-05-08T17:25:41.143+0300][44,098s][info ][gc] GC(292) Pause Young (Normal) (G1 Evacuation Pause) 309M->5M(512M) 0,886ms
[2025-05-08T17:25:41.293+0300][44,249s][info ][gc] GC(293) Pause Young (Normal) (G1 Evacuation Pause) 309M->4M(512M) 0,816ms
[2025-05-08T17:25:41.445+0300][44,400s][info ][gc] GC(294) Pause Young (Normal) (G1 Evacuation Pause) 309M->3M(512M) 0,719ms
[2025-05-08T17:25:41.596+0300][44,552s][info ][gc] GC(295) Pause Young (Normal) (G1 Evacuation Pause) 309M->3M(512M) 0,717ms
[2025-05-08T17:25:41.748+0300][44,703s][info ][gc] GC(296) Pause Young (Normal) (G1 Evacuation Pause) 309M->6M(512M) 0,967ms
[2025-05-08T17:25:41.899+0300][44,854s][info ][gc] GC(297) Pause Young (Normal) (G1 Evacuation Pause) 310M->5M(512M) 0,915ms
[2025-05-08T17:25:42.049+0300][45,005s][info ][gc] GC(298) Pause Young (Normal) (G1 Evacuation Pause) 309M->4M(512M) 0,879ms
[2025-05-08T17:25:42.210+0300][45,166s][info ][gc] GC(299) Pause Young (Normal) (G1 Evacuation Pause) 309M->3M(512M) 0,730ms
[2025-05-08T17:25:42.362+0300][45,318s][info ][gc] GC(300) Pause Young (Normal) (G1 Evacuation Pause) 309M->3M(512M) 0,429ms
[2025-05-08T17:25:42.514+0300][45,469s][info ][gc] GC(301) Pause Young (Normal) (G1 Evacuation Pause) 309M->5M(512M) 1,031ms
[2025-05-08T17:25:42.665+0300][45,620s][info ][gc] GC(302) Pause Young (Normal) (G1 Evacuation Pause) 309M->5M(512M) 0,947ms
[2025-05-08T17:25:42.816+0300][45,772s][info ][gc] GC(303) Pause Young (Normal) (G1 Evacuation Pause) 310M->4M(512M) 0,656ms
[2025-05-08T17:25:42.967+0300][45,923s][info ][gc] GC(304) Pause Young (Normal) (G1 Evacuation Pause) 309M->3M(512M) 0,667ms
[2025-05-08T17:25:43.119+0300][46,074s][info ][gc] GC(305) Pause Young (Normal) (G1 Evacuation Pause) 309M->3M(512M) 0,726ms
[2025-05-08T17:25:43.271+0300][46,226s][info ][gc] GC(306) Pause Young (Normal) (G1 Evacuation Pause) 309M->5M(512M) 0,972ms
[2025-05-08T17:25:43.422+0300][46,377s][info ][gc] GC(307) Pause Young (Normal) (G1 Evacuation Pause) 309M->5M(512M) 0,839ms
[2025-05-08T17:25:43.573+0300][46,529s][info ][gc] GC(308) Pause Young (Normal) (G1 Evacuation Pause) 310M->4M(512M) 0,917ms
[2025-05-08T17:25:43.724+0300][46,680s][info ][gc] GC(309) Pause Young (Normal) (G1 Evacuation Pause) 309M->3M(512M) 0,665ms
[2025-05-08T17:25:43.876+0300][46,832s][info ][gc] GC(310) Pause Young (Normal) (G1 Evacuation Pause) 309M->3M(512M) 0,540ms
[2025-05-08T17:25:44.028+0300][46,983s][info ][gc] GC(311) Pause Young (Normal) (G1 Evacuation Pause) 309M->5M(512M) 0,993ms
[2025-05-08T17:25:44.179+0300][47,134s][info ][gc] GC(312) Pause Young (Normal) (G1 Evacuation Pause) 309M->5M(512M) 0,859ms
[2025-05-08T17:25:44.329+0300][47,285s][info ][gc] GC(313) Pause Young (Normal) (G1 Evacuation Pause) 309M->4M(512M) 0,851ms
[2025-05-08T17:25:44.481+0300][47,436s][info ][gc] GC(314) Pause Young (Normal) (G1 Evacuation Pause) 309M->3M(512M) 0,784ms
[2025-05-08T17:25:44.633+0300][47,588s][info ][gc] GC(315) Pause Young (Normal) (G1 Evacuation Pause) 309M->6M(512M) 1,213ms
[2025-05-08T17:25:44.783+0300][47,739s][info ][gc] GC(316) Pause Young (Normal) (G1 Evacuation Pause) 309M->5M(512M) 1,080ms
[2025-05-08T17:25:44.934+0300][47,889s][info ][gc] GC(317) Pause Young (Normal) (G1 Evacuation Pause) 309M->4M(512M) 0,900ms
[2025-05-08T17:25:45.084+0300][48,040s][info ][gc] GC(318) Pause Young (Normal) (G1 Evacuation Pause) 309M->3M(512M) 0,676ms
[2025-05-08T17:25:45.236+0300][48,191s][info ][gc] GC(319) Pause Young (Normal) (G1 Evacuation Pause) 309M->3M(512M) 0,376ms
[2025-05-08T17:25:45.388+0300][48,344s][info ][gc] GC(320) Pause Young (Normal) (G1 Evacuation Pause) 309M->5M(512M) 1,026ms
[2025-05-08T17:25:45.539+0300][48,495s][info ][gc] GC(321) Pause Young (Normal) (G1 Evacuation Pause) 309M->5M(512M) 0,872ms
[2025-05-08T17:25:45.690+0300][48,646s][info ][gc] GC(322) Pause Young (Normal) (G1 Evacuation Pause) 309M->4M(512M) 0,904ms
[2025-05-08T17:25:45.842+0300][48,797s][info ][gc] GC(323) Pause Young (Normal) (G1 Evacuation Pause) 309M->3M(512M) 0,740ms
[2025-05-08T17:25:45.994+0300][48,949s][info ][gc] GC(324) Pause Young (Normal) (G1 Evacuation Pause) 309M->6M(512M) 1,221ms
[2025-05-08T17:25:46.144+0300][49,100s][info ][gc] GC(325) Pause Young (Normal) (G1 Evacuation Pause) 309M->5M(512M) 1,069ms
[2025-05-08T17:25:46.295+0300][49,251s][info ][gc] GC(326) Pause Young (Normal) (G1 Evacuation Pause) 309M->4M(512M) 0,882ms
[2025-05-08T17:25:46.447+0300][49,402s][info ][gc] GC(327) Pause Young (Normal) (G1 Evacuation Pause) 309M->3M(512M) 0,708ms
[2025-05-08T17:25:46.598+0300][49,554s][info ][gc] GC(328) Pause Young (Normal) (G1 Evacuation Pause) 309M->3M(512M) 0,527ms
[2025-05-08T17:25:46.750+0300][49,705s][info ][gc] GC(329) Pause Young (Normal) (G1 Evacuation Pause) 309M->5M(512M) 1,036ms
[2025-05-08T17:25:46.901+0300][49,857s][info ][gc] GC(330) Pause Young (Normal) (G1 Evacuation Pause) 309M->5M(512M) 1,079ms
[2025-05-08T17:25:47.052+0300][50,008s][info ][gc] GC(331) Pause Young (Normal) (G1 Evacuation Pause) 310M->4M(512M) 0,903ms
[2025-05-08T17:25:47.203+0300][50,159s][info ][gc] GC(332) Pause Young (Normal) (G1 Evacuation Pause) 309M->3M(512M) 0,720ms
[2025-05-08T17:25:47.357+0300][50,312s][info ][gc] GC(333) Pause Young (Normal) (G1 Evacuation Pause) 309M->3M(512M) 0,638ms
[2025-05-08T17:25:47.508+0300][50,464s][info ][gc] GC(334) Pause Young (Normal) (G1 Evacuation Pause) 309M->5M(512M) 0,967ms
[2025-05-08T17:25:47.660+0300][50,615s][info ][gc] GC(335) Pause Young (Normal) (G1 Evacuation Pause) 309M->5M(512M) 0,857ms
[2025-05-08T17:25:47.810+0300][50,766s][info ][gc] GC(336) Pause Young (Normal) (G1 Evacuation Pause) 309M->4M(512M) 0,836ms
[2025-05-08T17:25:47.961+0300][50,917s][info ][gc] GC(337) Pause Young (Normal) (G1 Evacuation Pause) 309M->3M(512M) 0,580ms
[2025-05-08T17:25:48.113+0300][51,069s][info ][gc] GC(338) Pause Young (Normal) (G1 Evacuation Pause) 309M->6M(512M) 1,172ms
[2025-05-08T17:25:48.263+0300][51,219s][info ][gc] GC(339) Pause Young (Normal) (G1 Evacuation Pause) 309M->5M(512M) 0,847ms
