[2025-05-08T17:23:09.691+0300][0.001s][info][gc] Using G1
[2025-05-08T17:23:09.691+0300][0.002s][debug][gc] ConcGCThreads: 3 offset 29
[2025-05-08T17:23:09.691+0300][0.002s][debug][gc] ParallelGCThreads: 13
[2025-05-08T17:23:09.691+0300][0.002s][debug][gc] Initialize mark stack with 4096 chunks, maximum 524288
[2025-05-08T17:23:09.836+0300][0,147s][info ][gc] GC(0) Pause Young (Normal) (G1 Evacuation Pause) 24M->5M(256M) 1,972ms
[2025-05-08T17:23:09.868+0300][0,179s][info ][gc] GC(1) Pause Young (Normal) (G1 Evacuation Pause) 44M->6M(256M) 1,381ms
[2025-05-08T17:23:09.949+0300][0,259s][info ][gc] GC(2) Pause Young (Normal) (G1 Evacuation Pause) 155M->6M(256M) 1,760ms
[2025-05-08T17:23:10.019+0300][0,329s][info ][gc] GC(3) Pause Young (Normal) (G1 Evacuation Pause) 154M->4M(256M) 0,694ms
[2025-05-08T17:23:10.090+0300][0,400s][info ][gc] GC(4) Pause Young (Normal) (G1 Evacuation Pause) 155M->5M(256M) 0,868ms
[2025-05-08T17:23:10.160+0300][0,471s][info ][gc] GC(5) Pause Young (Normal) (G1 Evacuation Pause) 155M->6M(256M) 1,173ms
[2025-05-08T17:23:10.229+0300][0,540s][info ][gc] GC(6) Pause Young (Normal) (G1 Evacuation Pause) 155M->7M(256M) 1,179ms
[2025-05-08T17:23:10.297+0300][0,608s][info ][gc] GC(7) Pause Young (Normal) (G1 Evacuation Pause) 155M->4M(256M) 0,650ms
[2025-05-08T17:23:10.368+0300][0,678s][info ][gc] GC(8) Pause Young (Normal) (G1 Evacuation Pause) 154M->5M(256M) 0,882ms
[2025-05-08T17:23:10.437+0300][0,748s][info ][gc] GC(9) Pause Young (Normal) (G1 Evacuation Pause) 155M->6M(256M) 0,936ms
[2025-05-08T17:23:10.507+0300][0,817s][info ][gc] GC(10) Pause Young (Normal) (G1 Evacuation Pause) 155M->6M(256M) 1,174ms
[2025-05-08T17:23:10.575+0300][0,885s][info ][gc] GC(11) Pause Young (Normal) (G1 Evacuation Pause) 154M->4M(256M) 0,745ms
[2025-05-08T17:23:10.644+0300][0,955s][info ][gc] GC(12) Pause Young (Normal) (G1 Evacuation Pause) 155M->5M(256M) 0,833ms
[2025-05-08T17:23:10.713+0300][1,024s][info ][gc] GC(13) Pause Young (Normal) (G1 Evacuation Pause) 155M->6M(256M) 1,017ms
[2025-05-08T17:23:10.782+0300][1,093s][info ][gc] GC(14) Pause Young (Normal) (G1 Evacuation Pause) 155M->6M(256M) 1,197ms
[2025-05-08T17:23:10.855+0300][1,166s][info ][gc] GC(15) Pause Young (Normal) (G1 Evacuation Pause) 154M->4M(256M) 1,223ms
[2025-05-08T17:23:10.927+0300][1,238s][info ][gc] GC(16) Pause Young (Normal) (G1 Evacuation Pause) 156M->5M(256M) 0,709ms
[2025-05-08T17:23:10.999+0300][1,310s][info ][gc] GC(17) Pause Young (Normal) (G1 Evacuation Pause) 156M->6M(256M) 0,821ms
[2025-05-08T17:23:11.072+0300][1,383s][info ][gc] GC(18) Pause Young (Normal) (G1 Evacuation Pause) 156M->7M(256M) 1,195ms
[2025-05-08T17:23:11.143+0300][1,454s][info ][gc] GC(19) Pause Young (Normal) (G1 Evacuation Pause) 156M->4M(256M) 0,579ms
[2025-05-08T17:23:11.215+0300][1,526s][info ][gc] GC(20) Pause Young (Normal) (G1 Evacuation Pause) 156M->5M(256M) 0,844ms
[2025-05-08T17:23:11.288+0300][1,599s][info ][gc] GC(21) Pause Young (Normal) (G1 Evacuation Pause) 156M->6M(256M) 1,220ms
[2025-05-08T17:23:11.360+0300][1,670s][info ][gc] GC(22) Pause Young (Normal) (G1 Evacuation Pause) 156M->4M(256M) 0,645ms
[2025-05-08T17:23:11.432+0300][1,743s][info ][gc] GC(23) Pause Young (Normal) (G1 Evacuation Pause) 156M->5M(256M) 1,047ms
[2025-05-08T17:23:11.509+0300][1,820s][info ][gc] GC(24) Pause Young (Normal) (G1 Evacuation Pause) 156M->6M(256M) 1,158ms
[2025-05-08T17:23:11.585+0300][1,896s][info ][gc] GC(25) Pause Young (Normal) (G1 Evacuation Pause) 156M->4M(256M) 0,501ms
[2025-05-08T17:23:11.663+0300][1,973s][info ][gc] GC(26) Pause Young (Normal) (G1 Evacuation Pause) 156M->5M(256M) 0,884ms
[2025-05-08T17:23:11.739+0300][2,050s][info ][gc] GC(27) Pause Young (Normal) (G1 Evacuation Pause) 156M->6M(256M) 1,030ms
[2025-05-08T17:23:11.816+0300][2,126s][info ][gc] GC(28) Pause Young (Normal) (G1 Evacuation Pause) 156M->4M(256M) 0,513ms
[2025-05-08T17:23:11.893+0300][2,204s][info ][gc] GC(29) Pause Young (Normal) (G1 Evacuation Pause) 156M->5M(256M) 0,828ms
[2025-05-08T17:23:11.971+0300][2,281s][info ][gc] GC(30) Pause Young (Normal) (G1 Evacuation Pause) 156M->6M(256M) 0,937ms
[2025-05-08T17:23:12.047+0300][2,358s][info ][gc] GC(31) Pause Young (Normal) (G1 Evacuation Pause) 156M->4M(256M) 0,478ms
[2025-05-08T17:23:12.125+0300][2,435s][info ][gc] GC(32) Pause Young (Normal) (G1 Evacuation Pause) 156M->5M(256M) 0,693ms
[2025-05-08T17:23:12.202+0300][2,513s][info ][gc] GC(33) Pause Young (Normal) (G1 Evacuation Pause) 156M->6M(256M) 0,807ms
[2025-05-08T17:23:12.278+0300][2,589s][info ][gc] GC(34) Pause Young (Normal) (G1 Evacuation Pause) 156M->4M(256M) 0,448ms
[2025-05-08T17:23:12.356+0300][2,667s][info ][gc] GC(35) Pause Young (Normal) (G1 Evacuation Pause) 156M->5M(256M) 0,922ms
[2025-05-08T17:23:12.433+0300][2,744s][info ][gc] GC(36) Pause Young (Normal) (G1 Evacuation Pause) 156M->6M(256M) 1,029ms
[2025-05-08T17:23:12.509+0300][2,820s][info ][gc] GC(37) Pause Young (Normal) (G1 Evacuation Pause) 156M->4M(256M) 0,291ms
[2025-05-08T17:23:12.586+0300][2,897s][info ][gc] GC(38) Pause Young (Normal) (G1 Evacuation Pause) 156M->5M(256M) 0,704ms
[2025-05-08T17:23:12.663+0300][2,974s][info ][gc] GC(39) Pause Young (Normal) (G1 Evacuation Pause) 156M->6M(256M) 0,831ms
[2025-05-08T17:23:12.740+0300][3,051s][info ][gc] GC(40) Pause Young (Normal) (G1 Evacuation Pause) 156M->7M(256M) 1,295ms
[2025-05-08T17:23:12.816+0300][3,127s][info ][gc] GC(41) Pause Young (Normal) (G1 Evacuation Pause) 156M->4M(256M) 0,472ms
[2025-05-08T17:23:12.894+0300][3,204s][info ][gc] GC(42) Pause Young (Normal) (G1 Evacuation Pause) 156M->5M(256M) 0,903ms
[2025-05-08T17:23:12.971+0300][3,281s][info ][gc] GC(43) Pause Young (Normal) (G1 Evacuation Pause) 156M->6M(256M) 1,089ms
[2025-05-08T17:23:13.047+0300][3,357s][info ][gc] GC(44) Pause Young (Normal) (G1 Evacuation Pause) 156M->4M(256M) 0,486ms
[2025-05-08T17:23:13.124+0300][3,435s][info ][gc] GC(45) Pause Young (Normal) (G1 Evacuation Pause) 156M->5M(256M) 0,836ms
[2025-05-08T17:23:13.202+0300][3,512s][info ][gc] GC(46) Pause Young (Normal) (G1 Evacuation Pause) 156M->6M(256M) 1,081ms
[2025-05-08T17:23:13.278+0300][3,588s][info ][gc] GC(47) Pause Young (Normal) (G1 Evacuation Pause) 156M->4M(256M) 0,494ms
[2025-05-08T17:23:13.355+0300][3,666s][info ][gc] GC(48) Pause Young (Normal) (G1 Evacuation Pause) 156M->5M(256M) 0,987ms
[2025-05-08T17:23:13.432+0300][3,742s][info ][gc] GC(49) Pause Young (Normal) (G1 Evacuation Pause) 156M->6M(256M) 1,022ms
[2025-05-08T17:23:13.508+0300][3,818s][info ][gc] GC(50) Pause Young (Normal) (G1 Evacuation Pause) 156M->4M(256M) 0,592ms
[2025-05-08T17:23:13.585+0300][3,895s][info ][gc] GC(51) Pause Young (Normal) (G1 Evacuation Pause) 156M->5M(256M) 0,757ms
[2025-05-08T17:23:13.662+0300][3,972s][info ][gc] GC(52) Pause Young (Normal) (G1 Evacuation Pause) 156M->6M(256M) 0,987ms
[2025-05-08T17:23:13.738+0300][4,048s][info ][gc] GC(53) Pause Young (Normal) (G1 Evacuation Pause) 156M->4M(256M) 0,505ms
[2025-05-08T17:23:13.815+0300][4,126s][info ][gc] GC(54) Pause Young (Normal) (G1 Evacuation Pause) 156M->5M(256M) 0,661ms
[2025-05-08T17:23:13.892+0300][4,203s][info ][gc] GC(55) Pause Young (Normal) (G1 Evacuation Pause) 156M->6M(256M) 1,059ms
[2025-05-08T17:23:13.968+0300][4,279s][info ][gc] GC(56) Pause Young (Normal) (G1 Evacuation Pause) 156M->4M(256M) 0,480ms
[2025-05-08T17:23:14.045+0300][4,355s][info ][gc] GC(57) Pause Young (Normal) (G1 Evacuation Pause) 156M->5M(256M) 0,665ms
[2025-05-08T17:23:14.122+0300][4,432s][info ][gc] GC(58) Pause Young (Normal) (G1 Evacuation Pause) 156M->6M(256M) 0,991ms
[2025-05-08T17:23:14.198+0300][4,508s][info ][gc] GC(59) Pause Young (Normal) (G1 Evacuation Pause) 156M->4M(256M) 0,578ms
[2025-05-08T17:23:14.275+0300][4,585s][info ][gc] GC(60) Pause Young (Normal) (G1 Evacuation Pause) 156M->5M(256M) 0,707ms
[2025-05-08T17:23:14.352+0300][4,662s][info ][gc] GC(61) Pause Young (Normal) (G1 Evacuation Pause) 156M->6M(256M) 1,008ms
[2025-05-08T17:23:14.429+0300][4,739s][info ][gc] GC(62) Pause Young (Normal) (G1 Evacuation Pause) 156M->7M(256M) 1,146ms
[2025-05-08T17:23:14.504+0300][4,815s][info ][gc] GC(63) Pause Young (Normal) (G1 Evacuation Pause) 156M->4M(256M) 0,699ms
[2025-05-08T17:23:14.582+0300][4,892s][info ][gc] GC(64) Pause Young (Normal) (G1 Evacuation Pause) 156M->5M(256M) 0,812ms
[2025-05-08T17:23:14.659+0300][4,969s][info ][gc] GC(65) Pause Young (Normal) (G1 Evacuation Pause) 156M->6M(256M) 1,276ms
[2025-05-08T17:23:14.735+0300][5,045s][info ][gc] GC(66) Pause Young (Normal) (G1 Evacuation Pause) 155M->4M(256M) 0,644ms
[2025-05-08T17:23:14.812+0300][5,123s][info ][gc] GC(67) Pause Young (Normal) (G1 Evacuation Pause) 156M->5M(256M) 0,779ms
[2025-05-08T17:23:14.889+0300][5,200s][info ][gc] GC(68) Pause Young (Normal) (G1 Evacuation Pause) 156M->6M(256M) 1,014ms
[2025-05-08T17:23:14.965+0300][5,276s][info ][gc] GC(69) Pause Young (Normal) (G1 Evacuation Pause) 156M->4M(256M) 0,491ms
[2025-05-08T17:23:15.043+0300][5,353s][info ][gc] GC(70) Pause Young (Normal) (G1 Evacuation Pause) 156M->5M(256M) 0,774ms
[2025-05-08T17:23:15.120+0300][5,431s][info ][gc] GC(71) Pause Young (Normal) (G1 Evacuation Pause) 156M->6M(256M) 1,019ms
[2025-05-08T17:23:15.196+0300][5,507s][info ][gc] GC(72) Pause Young (Normal) (G1 Evacuation Pause) 156M->4M(256M) 0,504ms
[2025-05-08T17:23:15.274+0300][5,584s][info ][gc] GC(73) Pause Young (Normal) (G1 Evacuation Pause) 156M->5M(256M) 0,670ms
[2025-05-08T17:23:15.351+0300][5,662s][info ][gc] GC(74) Pause Young (Normal) (G1 Evacuation Pause) 156M->6M(256M) 1,069ms
[2025-05-08T17:23:15.427+0300][5,738s][info ][gc] GC(75) Pause Young (Normal) (G1 Evacuation Pause) 156M->4M(256M) 0,500ms
[2025-05-08T17:23:15.505+0300][5,815s][info ][gc] GC(76) Pause Young (Normal) (G1 Evacuation Pause) 156M->5M(256M) 0,739ms
[2025-05-08T17:23:15.582+0300][5,893s][info ][gc] GC(77) Pause Young (Normal) (G1 Evacuation Pause) 156M->6M(256M) 1,095ms
[2025-05-08T17:23:15.659+0300][5,970s][info ][gc] GC(78) Pause Young (Normal) (G1 Evacuation Pause) 156M->7M(256M) 1,303ms
[2025-05-08T17:23:15.735+0300][6,046s][info ][gc] GC(79) Pause Young (Normal) (G1 Evacuation Pause) 156M->4M(256M) 0,589ms
[2025-05-08T17:23:15.813+0300][6,123s][info ][gc] GC(80) Pause Young (Normal) (G1 Evacuation Pause) 156M->5M(256M) 0,843ms
[2025-05-08T17:23:15.890+0300][6,201s][info ][gc] GC(81) Pause Young (Normal) (G1 Evacuation Pause) 156M->6M(256M) 1,130ms
[2025-05-08T17:23:15.966+0300][6,277s][info ][gc] GC(82) Pause Young (Normal) (G1 Evacuation Pause) 156M->4M(256M) 0,610ms
[2025-05-08T17:23:16.044+0300][6,355s][info ][gc] GC(83) Pause Young (Normal) (G1 Evacuation Pause) 156M->5M(256M) 0,868ms
[2025-05-08T17:23:16.121+0300][6,432s][info ][gc] GC(84) Pause Young (Normal) (G1 Evacuation Pause) 156M->6M(256M) 1,035ms
[2025-05-08T17:23:16.197+0300][6,508s][info ][gc] GC(85) Pause Young (Normal) (G1 Evacuation Pause) 156M->4M(256M) 0,486ms
[2025-05-08T17:23:16.275+0300][6,585s][info ][gc] GC(86) Pause Young (Normal) (G1 Evacuation Pause) 156M->5M(256M) 0,647ms
[2025-05-08T17:23:16.352+0300][6,663s][info ][gc] GC(87) Pause Young (Normal) (G1 Evacuation Pause) 156M->6M(256M) 1,009ms
[2025-05-08T17:23:16.430+0300][6,741s][info ][gc] GC(88) Pause Young (Normal) (G1 Evacuation Pause) 156M->4M(256M) 0,495ms
[2025-05-08T17:23:16.509+0300][6,819s][info ][gc] GC(89) Pause Young (Normal) (G1 Evacuation Pause) 156M->5M(256M) 0,784ms
[2025-05-08T17:23:16.587+0300][6,898s][info ][gc] GC(90) Pause Young (Normal) (G1 Evacuation Pause) 156M->6M(256M) 1,066ms
[2025-05-08T17:23:16.664+0300][6,975s][info ][gc] GC(91) Pause Young (Normal) (G1 Evacuation Pause) 156M->4M(256M) 0,490ms
[2025-05-08T17:23:16.741+0300][7,052s][info ][gc] GC(92) Pause Young (Normal) (G1 Evacuation Pause) 156M->5M(256M) 0,667ms
[2025-05-08T17:23:16.818+0300][7,129s][info ][gc] GC(93) Pause Young (Normal) (G1 Evacuation Pause) 156M->6M(256M) 0,796ms
[2025-05-08T17:23:16.895+0300][7,205s][info ][gc] GC(94) Pause Young (Normal) (G1 Evacuation Pause) 156M->4M(256M) 0,559ms
[2025-05-08T17:23:16.972+0300][7,283s][info ][gc] GC(95) Pause Young (Normal) (G1 Evacuation Pause) 156M->5M(256M) 0,728ms
[2025-05-08T17:23:17.049+0300][7,360s][info ][gc] GC(96) Pause Young (Normal) (G1 Evacuation Pause) 156M->6M(256M) 1,003ms
[2025-05-08T17:23:17.125+0300][7,436s][info ][gc] GC(97) Pause Young (Normal) (G1 Evacuation Pause) 156M->4M(256M) 0,446ms
[2025-05-08T17:23:17.202+0300][7,513s][info ][gc] GC(98) Pause Young (Normal) (G1 Evacuation Pause) 156M->5M(256M) 0,683ms
[2025-05-08T17:23:17.279+0300][7,590s][info ][gc] GC(99) Pause Young (Normal) (G1 Evacuation Pause) 156M->6M(256M) 0,867ms
[2025-05-08T17:23:17.356+0300][7,667s][info ][gc] GC(100) Pause Young (Normal) (G1 Evacuation Pause) 156M->7M(256M) 1,081ms
[2025-05-08T17:23:17.433+0300][7,743s][info ][gc] GC(101) Pause Young (Normal) (G1 Evacuation Pause) 156M->4M(256M) 0,582ms
[2025-05-08T17:23:17.510+0300][7,821s][info ][gc] GC(102) Pause Young (Normal) (G1 Evacuation Pause) 156M->5M(256M) 0,898ms
[2025-05-08T17:23:17.587+0300][7,898s][info ][gc] GC(103) Pause Young (Normal) (G1 Evacuation Pause) 156M->6M(256M) 1,088ms
[2025-05-08T17:23:17.664+0300][7,974s][info ][gc] GC(104) Pause Young (Normal) (G1 Evacuation Pause) 156M->4M(256M) 0,630ms
[2025-05-08T17:23:17.741+0300][8,052s][info ][gc] GC(105) Pause Young (Normal) (G1 Evacuation Pause) 156M->5M(256M) 0,916ms
[2025-05-08T17:23:17.818+0300][8,129s][info ][gc] GC(106) Pause Young (Normal) (G1 Evacuation Pause) 156M->6M(256M) 1,010ms
[2025-05-08T17:23:17.895+0300][8,205s][info ][gc] GC(107) Pause Young (Normal) (G1 Evacuation Pause) 156M->4M(256M) 0,546ms
[2025-05-08T17:23:17.972+0300][8,283s][info ][gc] GC(108) Pause Young (Normal) (G1 Evacuation Pause) 156M->5M(256M) 0,816ms
[2025-05-08T17:23:18.049+0300][8,360s][info ][gc] GC(109) Pause Young (Normal) (G1 Evacuation Pause) 156M->6M(256M) 1,183ms
[2025-05-08T17:23:18.125+0300][8,436s][info ][gc] GC(110) Pause Young (Normal) (G1 Evacuation Pause) 156M->4M(256M) 0,547ms
[2025-05-08T17:23:18.203+0300][8,514s][info ][gc] GC(111) Pause Young (Normal) (G1 Evacuation Pause) 156M->5M(256M) 0,977ms
[2025-05-08T17:23:18.280+0300][8,591s][info ][gc] GC(112) Pause Young (Normal) (G1 Evacuation Pause) 156M->6M(256M) 1,060ms
[2025-05-08T17:23:18.357+0300][8,667s][info ][gc] GC(113) Pause Young (Normal) (G1 Evacuation Pause) 156M->4M(256M) 0,503ms
[2025-05-08T17:23:18.434+0300][8,745s][info ][gc] GC(114) Pause Young (Normal) (G1 Evacuation Pause) 156M->5M(256M) 0,815ms
[2025-05-08T17:23:18.511+0300][8,821s][info ][gc] GC(115) Pause Young (Normal) (G1 Evacuation Pause) 156M->6M(256M) 0,964ms
[2025-05-08T17:23:18.587+0300][8,897s][info ][gc] GC(116) Pause Young (Normal) (G1 Evacuation Pause) 156M->4M(256M) 0,508ms
[2025-05-08T17:23:18.664+0300][8,975s][info ][gc] GC(117) Pause Young (Normal) (G1 Evacuation Pause) 156M->5M(256M) 0,727ms
[2025-05-08T17:23:18.741+0300][9,052s][info ][gc] GC(118) Pause Young (Normal) (G1 Evacuation Pause) 156M->6M(256M) 0,999ms
[2025-05-08T17:23:18.828+0300][9,138s][info ][gc] GC(119) Pause Young (Normal) (G1 Evacuation Pause) 156M->7M(256M) 1,073ms
[2025-05-08T17:23:18.904+0300][9,214s][info ][gc] GC(120) Pause Young (Normal) (G1 Evacuation Pause) 156M->4M(256M) 0,725ms
[2025-05-08T17:23:18.981+0300][9,292s][info ][gc] GC(121) Pause Young (Normal) (G1 Evacuation Pause) 156M->5M(256M) 0,911ms
[2025-05-08T17:23:19.058+0300][9,369s][info ][gc] GC(122) Pause Young (Normal) (G1 Evacuation Pause) 156M->6M(256M) 1,096ms
[2025-05-08T17:23:19.135+0300][9,445s][info ][gc] GC(123) Pause Young (Normal) (G1 Evacuation Pause) 156M->4M(256M) 0,692ms
[2025-05-08T17:23:19.212+0300][9,523s][info ][gc] GC(124) Pause Young (Normal) (G1 Evacuation Pause) 156M->5M(256M) 0,907ms
[2025-05-08T17:23:19.289+0300][9,600s][info ][gc] GC(125) Pause Young (Normal) (G1 Evacuation Pause) 156M->6M(256M) 1,035ms
[2025-05-08T17:23:19.366+0300][9,676s][info ][gc] GC(126) Pause Young (Normal) (G1 Evacuation Pause) 156M->4M(256M) 0,602ms
[2025-05-08T17:23:19.443+0300][9,754s][info ][gc] GC(127) Pause Young (Normal) (G1 Evacuation Pause) 156M->5M(256M) 0,818ms
[2025-05-08T17:23:19.521+0300][9,832s][info ][gc] GC(128) Pause Young (Normal) (G1 Evacuation Pause) 156M->6M(256M) 1,222ms
[2025-05-08T17:23:19.597+0300][9,908s][info ][gc] GC(129) Pause Young (Normal) (G1 Evacuation Pause) 156M->4M(256M) 0,540ms
[2025-05-08T17:23:19.675+0300][9,986s][info ][gc] GC(130) Pause Young (Normal) (G1 Evacuation Pause) 156M->5M(256M) 0,991ms
[2025-05-08T17:23:19.752+0300][10,063s][info ][gc] GC(131) Pause Young (Normal) (G1 Evacuation Pause) 156M->6M(256M) 1,179ms
[2025-05-08T17:23:19.829+0300][10,139s][info ][gc] GC(132) Pause Young (Normal) (G1 Evacuation Pause) 156M->4M(256M) 0,676ms
[2025-05-08T17:23:19.906+0300][10,217s][info ][gc] GC(133) Pause Young (Normal) (G1 Evacuation Pause) 156M->5M(256M) 0,885ms
[2025-05-08T17:23:19.983+0300][10,294s][info ][gc] GC(134) Pause Young (Normal) (G1 Evacuation Pause) 156M->6M(256M) 1,001ms
[2025-05-08T17:23:20.060+0300][10,370s][info ][gc] GC(135) Pause Young (Normal) (G1 Evacuation Pause) 156M->4M(256M) 0,632ms
[2025-05-08T17:23:20.137+0300][10,448s][info ][gc] GC(136) Pause Young (Normal) (G1 Evacuation Pause) 156M->5M(256M) 0,750ms
[2025-05-08T17:23:20.214+0300][10,525s][info ][gc] GC(137) Pause Young (Normal) (G1 Evacuation Pause) 156M->6M(256M) 0,988ms
[2025-05-08T17:23:20.290+0300][10,601s][info ][gc] GC(138) Pause Young (Normal) (G1 Evacuation Pause) 156M->4M(256M) 0,504ms
[2025-05-08T17:23:20.368+0300][10,679s][info ][gc] GC(139) Pause Young (Normal) (G1 Evacuation Pause) 156M->5M(256M) 0,867ms
[2025-05-08T17:23:20.445+0300][10,756s][info ][gc] GC(140) Pause Young (Normal) (G1 Evacuation Pause) 156M->6M(256M) 1,035ms
[2025-05-08T17:23:20.522+0300][10,833s][info ][gc] GC(141) Pause Young (Normal) (G1 Evacuation Pause) 156M->7M(256M) 1,144ms
[2025-05-08T17:23:20.598+0300][10,909s][info ][gc] GC(142) Pause Young (Normal) (G1 Evacuation Pause) 156M->4M(256M) 0,745ms
[2025-05-08T17:23:20.676+0300][10,986s][info ][gc] GC(143) Pause Young (Normal) (G1 Evacuation Pause) 156M->5M(256M) 0,935ms
[2025-05-08T17:23:20.753+0300][11,063s][info ][gc] GC(144) Pause Young (Normal) (G1 Evacuation Pause) 156M->6M(256M) 1,145ms
[2025-05-08T17:23:20.829+0300][11,140s][info ][gc] GC(145) Pause Young (Normal) (G1 Evacuation Pause) 156M->4M(256M) 0,475ms
[2025-05-08T17:23:20.906+0300][11,217s][info ][gc] GC(146) Pause Young (Normal) (G1 Evacuation Pause) 156M->5M(256M) 0,807ms
[2025-05-08T17:23:20.983+0300][11,294s][info ][gc] GC(147) Pause Young (Normal) (G1 Evacuation Pause) 156M->6M(256M) 1,075ms
[2025-05-08T17:23:21.060+0300][11,370s][info ][gc] GC(148) Pause Young (Normal) (G1 Evacuation Pause) 156M->4M(256M) 0,447ms
[2025-05-08T17:23:21.137+0300][11,448s][info ][gc] GC(149) Pause Young (Normal) (G1 Evacuation Pause) 156M->5M(256M) 0,891ms
[2025-05-08T17:23:21.214+0300][11,525s][info ][gc] GC(150) Pause Young (Normal) (G1 Evacuation Pause) 156M->6M(256M) 1,049ms
[2025-05-08T17:23:21.291+0300][11,601s][info ][gc] GC(151) Pause Young (Normal) (G1 Evacuation Pause) 156M->4M(256M) 0,643ms
[2025-05-08T17:23:21.369+0300][11,680s][info ][gc] GC(152) Pause Young (Normal) (G1 Evacuation Pause) 156M->5M(256M) 0,941ms
[2025-05-08T17:23:21.446+0300][11,757s][info ][gc] GC(153) Pause Young (Normal) (G1 Evacuation Pause) 156M->6M(256M) 1,159ms
[2025-05-08T17:23:21.522+0300][11,833s][info ][gc] GC(154) Pause Young (Normal) (G1 Evacuation Pause) 156M->4M(256M) 0,559ms
[2025-05-08T17:23:21.600+0300][11,911s][info ][gc] GC(155) Pause Young (Normal) (G1 Evacuation Pause) 156M->5M(256M) 0,854ms
[2025-05-08T17:23:21.677+0300][11,988s][info ][gc] GC(156) Pause Young (Normal) (G1 Evacuation Pause) 156M->6M(256M) 1,402ms
[2025-05-08T17:23:21.755+0300][12,065s][info ][gc] GC(157) Pause Young (Normal) (G1 Evacuation Pause) 156M->4M(256M) 0,554ms
[2025-05-08T17:23:21.832+0300][12,143s][info ][gc] GC(158) Pause Young (Normal) (G1 Evacuation Pause) 156M->5M(256M) 0,657ms
[2025-05-08T17:23:21.909+0300][12,220s][info ][gc] GC(159) Pause Young (Normal) (G1 Evacuation Pause) 156M->6M(256M) 1,071ms
[2025-05-08T17:23:21.986+0300][12,296s][info ][gc] GC(160) Pause Young (Normal) (G1 Evacuation Pause) 156M->3M(256M) 0,602ms
[2025-05-08T17:23:22.063+0300][12,373s][info ][gc] GC(161) Pause Young (Normal) (G1 Evacuation Pause) 155M->5M(256M) 0,717ms
[2025-05-08T17:23:22.140+0300][12,450s][info ][gc] GC(162) Pause Young (Normal) (G1 Evacuation Pause) 156M->6M(256M) 0,940ms
[2025-05-08T17:23:22.216+0300][12,527s][info ][gc] GC(163) Pause Young (Normal) (G1 Evacuation Pause) 156M->7M(256M) 1,222ms
[2025-05-08T17:23:22.292+0300][12,603s][info ][gc] GC(164) Pause Young (Normal) (G1 Evacuation Pause) 156M->4M(256M) 0,691ms
[2025-05-08T17:23:22.370+0300][12,681s][info ][gc] GC(165) Pause Young (Normal) (G1 Evacuation Pause) 156M->5M(256M) 0,826ms
[2025-05-08T17:23:22.447+0300][12,758s][info ][gc] GC(166) Pause Young (Normal) (G1 Evacuation Pause) 156M->6M(256M) 1,158ms
[2025-05-08T17:23:22.523+0300][12,834s][info ][gc] GC(167) Pause Young (Normal) (G1 Evacuation Pause) 156M->4M(256M) 0,620ms
[2025-05-08T17:23:22.601+0300][12,911s][info ][gc] GC(168) Pause Young (Normal) (G1 Evacuation Pause) 156M->5M(256M) 0,853ms
[2025-05-08T17:23:22.678+0300][12,989s][info ][gc] GC(169) Pause Young (Normal) (G1 Evacuation Pause) 156M->6M(256M) 1,110ms
[2025-05-08T17:23:22.755+0300][13,065s][info ][gc] GC(170) Pause Young (Normal) (G1 Evacuation Pause) 156M->4M(256M) 0,700ms
[2025-05-08T17:23:22.832+0300][13,143s][info ][gc] GC(171) Pause Young (Normal) (G1 Evacuation Pause) 156M->5M(256M) 0,808ms
[2025-05-08T17:23:22.909+0300][13,220s][info ][gc] GC(172) Pause Young (Normal) (G1 Evacuation Pause) 156M->6M(256M) 1,026ms
[2025-05-08T17:23:22.986+0300][13,296s][info ][gc] GC(173) Pause Young (Normal) (G1 Evacuation Pause) 156M->4M(256M) 0,625ms
[2025-05-08T17:23:23.063+0300][13,374s][info ][gc] GC(174) Pause Young (Normal) (G1 Evacuation Pause) 156M->5M(256M) 0,795ms
[2025-05-08T17:23:23.140+0300][13,451s][info ][gc] GC(175) Pause Young (Normal) (G1 Evacuation Pause) 156M->6M(256M) 1,212ms
[2025-05-08T17:23:23.217+0300][13,528s][info ][gc] GC(176) Pause Young (Normal) (G1 Evacuation Pause) 156M->4M(256M) 0,458ms
[2025-05-08T17:23:23.295+0300][13,605s][info ][gc] GC(177) Pause Young (Normal) (G1 Evacuation Pause) 156M->5M(256M) 0,788ms
[2025-05-08T17:23:23.371+0300][13,682s][info ][gc] GC(178) Pause Young (Normal) (G1 Evacuation Pause) 156M->6M(256M) 1,030ms
[2025-05-08T17:23:23.448+0300][13,758s][info ][gc] GC(179) Pause Young (Normal) (G1 Evacuation Pause) 156M->4M(256M) 0,488ms
[2025-05-08T17:23:23.525+0300][13,835s][info ][gc] GC(180) Pause Young (Normal) (G1 Evacuation Pause) 156M->5M(256M) 0,738ms
[2025-05-08T17:23:23.601+0300][13,912s][info ][gc] GC(181) Pause Young (Normal) (G1 Evacuation Pause) 156M->6M(256M) 1,036ms
[2025-05-08T17:23:23.678+0300][13,989s][info ][gc] GC(182) Pause Young (Normal) (G1 Evacuation Pause) 156M->7M(256M) 1,033ms
[2025-05-08T17:23:23.754+0300][14,065s][info ][gc] GC(183) Pause Young (Normal) (G1 Evacuation Pause) 156M->4M(256M) 0,765ms
[2025-05-08T17:23:23.832+0300][14,142s][info ][gc] GC(184) Pause Young (Normal) (G1 Evacuation Pause) 156M->5M(256M) 0,825ms
[2025-05-08T17:23:23.918+0300][14,229s][info ][gc] GC(185) Pause Young (Normal) (G1 Evacuation Pause) 156M->6M(256M) 1,216ms
[2025-05-08T17:23:23.994+0300][14,305s][info ][gc] GC(186) Pause Young (Normal) (G1 Evacuation Pause) 155M->4M(256M) 0,681ms
[2025-05-08T17:23:24.072+0300][14,382s][info ][gc] GC(187) Pause Young (Normal) (G1 Evacuation Pause) 156M->5M(256M) 1,094ms
[2025-05-08T17:23:24.149+0300][14,460s][info ][gc] GC(188) Pause Young (Normal) (G1 Evacuation Pause) 156M->6M(256M) 1,153ms
[2025-05-08T17:23:24.226+0300][14,537s][info ][gc] GC(189) Pause Young (Normal) (G1 Evacuation Pause) 156M->4M(256M) 0,487ms
[2025-05-08T17:23:24.304+0300][14,615s][info ][gc] GC(190) Pause Young (Normal) (G1 Evacuation Pause) 156M->5M(256M) 0,833ms
[2025-05-08T17:23:24.382+0300][14,692s][info ][gc] GC(191) Pause Young (Normal) (G1 Evacuation Pause) 156M->6M(256M) 1,252ms
[2025-05-08T17:23:24.458+0300][14,769s][info ][gc] GC(192) Pause Young (Normal) (G1 Evacuation Pause) 156M->4M(256M) 0,530ms
[2025-05-08T17:23:24.535+0300][14,846s][info ][gc] GC(193) Pause Young (Normal) (G1 Evacuation Pause) 156M->5M(256M) 0,716ms
[2025-05-08T17:23:24.612+0300][14,923s][info ][gc] GC(194) Pause Young (Normal) (G1 Evacuation Pause) 156M->6M(256M) 1,021ms
[2025-05-08T17:23:24.689+0300][15,000s][info ][gc] GC(195) Pause Young (Normal) (G1 Evacuation Pause) 156M->4M(256M) 0,553ms
[2025-05-08T17:23:24.766+0300][15,077s][info ][gc] GC(196) Pause Young (Normal) (G1 Evacuation Pause) 156M->5M(256M) 0,674ms
[2025-05-08T17:23:24.844+0300][15,155s][info ][gc] GC(197) Pause Young (Normal) (G1 Evacuation Pause) 156M->6M(256M) 1,095ms
[2025-05-08T17:23:24.920+0300][15,231s][info ][gc] GC(198) Pause Young (Normal) (G1 Evacuation Pause) 156M->4M(256M) 0,515ms
[2025-05-08T17:23:24.998+0300][15,308s][info ][gc] GC(199) Pause Young (Normal) (G1 Evacuation Pause) 156M->5M(256M) 0,852ms
[2025-05-08T17:23:25.075+0300][15,386s][info ][gc] GC(200) Pause Young (Normal) (G1 Evacuation Pause) 156M->6M(256M) 1,119ms
[2025-05-08T17:23:25.152+0300][15,462s][info ][gc] GC(201) Pause Young (Normal) (G1 Evacuation Pause) 156M->7M(256M) 1,183ms
[2025-05-08T17:23:25.227+0300][15,538s][info ][gc] GC(202) Pause Young (Normal) (G1 Evacuation Pause) 156M->4M(256M) 0,710ms
[2025-05-08T17:23:25.305+0300][15,616s][info ][gc] GC(203) Pause Young (Normal) (G1 Evacuation Pause) 156M->5M(256M) 0,921ms
[2025-05-08T17:23:25.382+0300][15,693s][info ][gc] GC(204) Pause Young (Normal) (G1 Evacuation Pause) 156M->6M(256M) 1,008ms
[2025-05-08T17:23:25.458+0300][15,769s][info ][gc] GC(205) Pause Young (Normal) (G1 Evacuation Pause) 156M->4M(256M) 0,471ms
[2025-05-08T17:23:25.536+0300][15,847s][info ][gc] GC(206) Pause Young (Normal) (G1 Evacuation Pause) 156M->5M(256M) 0,927ms
[2025-05-08T17:23:25.613+0300][15,924s][info ][gc] GC(207) Pause Young (Normal) (G1 Evacuation Pause) 156M->6M(256M) 0,998ms
[2025-05-08T17:23:25.689+0300][16,000s][info ][gc] GC(208) Pause Young (Normal) (G1 Evacuation Pause) 156M->4M(256M) 0,486ms
[2025-05-08T17:23:25.767+0300][16,077s][info ][gc] GC(209) Pause Young (Normal) (G1 Evacuation Pause) 156M->5M(256M) 0,638ms
[2025-05-08T17:23:25.844+0300][16,155s][info ][gc] GC(210) Pause Young (Normal) (G1 Evacuation Pause) 156M->6M(256M) 1,045ms
[2025-05-08T17:23:25.920+0300][16,231s][info ][gc] GC(211) Pause Young (Normal) (G1 Evacuation Pause) 156M->4M(256M) 0,469ms
[2025-05-08T17:23:25.998+0300][16,308s][info ][gc] GC(212) Pause Young (Normal) (G1 Evacuation Pause) 156M->5M(256M) 0,829ms
[2025-05-08T17:23:26.075+0300][16,385s][info ][gc] GC(213) Pause Young (Normal) (G1 Evacuation Pause) 156M->6M(256M) 0,981ms
[2025-05-08T17:23:26.151+0300][16,462s][info ][gc] GC(214) Pause Young (Normal) (G1 Evacuation Pause) 156M->4M(256M) 0,471ms
[2025-05-08T17:23:26.228+0300][16,539s][info ][gc] GC(215) Pause Young (Normal) (G1 Evacuation Pause) 156M->5M(256M) 0,654ms
[2025-05-08T17:23:26.305+0300][16,616s][info ][gc] GC(216) Pause Young (Normal) (G1 Evacuation Pause) 156M->6M(256M) 0,819ms
[2025-05-08T17:23:26.381+0300][16,692s][info ][gc] GC(217) Pause Young (Normal) (G1 Evacuation Pause) 156M->4M(256M) 0,568ms
[2025-05-08T17:23:26.459+0300][16,769s][info ][gc] GC(218) Pause Young (Normal) (G1 Evacuation Pause) 156M->5M(256M) 0,652ms
[2025-05-08T17:23:26.536+0300][16,847s][info ][gc] GC(219) Pause Young (Normal) (G1 Evacuation Pause) 156M->6M(256M) 1,085ms
[2025-05-08T17:23:26.613+0300][16,924s][info ][gc] GC(220) Pause Young (Normal) (G1 Evacuation Pause) 156M->7M(256M) 1,233ms
[2025-05-08T17:23:26.689+0300][17,000s][info ][gc] GC(221) Pause Young (Normal) (G1 Evacuation Pause) 156M->4M(256M) 0,652ms
[2025-05-08T17:23:26.767+0300][17,077s][info ][gc] GC(222) Pause Young (Normal) (G1 Evacuation Pause) 156M->5M(256M) 0,930ms
[2025-05-08T17:23:26.844+0300][17,155s][info ][gc] GC(223) Pause Young (Normal) (G1 Evacuation Pause) 156M->6M(256M) 1,174ms
[2025-05-08T17:23:26.920+0300][17,231s][info ][gc] GC(224) Pause Young (Normal) (G1 Evacuation Pause) 156M->4M(256M) 0,493ms
[2025-05-08T17:23:26.998+0300][17,308s][info ][gc] GC(225) Pause Young (Normal) (G1 Evacuation Pause) 156M->5M(256M) 0,861ms
[2025-05-08T17:23:27.075+0300][17,385s][info ][gc] GC(226) Pause Young (Normal) (G1 Evacuation Pause) 156M->6M(256M) 0,982ms
[2025-05-08T17:23:27.151+0300][17,461s][info ][gc] GC(227) Pause Young (Normal) (G1 Evacuation Pause) 156M->4M(256M) 0,468ms
[2025-05-08T17:23:27.228+0300][17,539s][info ][gc] GC(228) Pause Young (Normal) (G1 Evacuation Pause) 156M->5M(256M) 0,763ms
[2025-05-08T17:23:27.305+0300][17,616s][info ][gc] GC(229) Pause Young (Normal) (G1 Evacuation Pause) 156M->6M(256M) 1,022ms
[2025-05-08T17:23:27.381+0300][17,692s][info ][gc] GC(230) Pause Young (Normal) (G1 Evacuation Pause) 156M->4M(256M) 0,498ms
[2025-05-08T17:23:27.459+0300][17,769s][info ][gc] GC(231) Pause Young (Normal) (G1 Evacuation Pause) 156M->5M(256M) 0,891ms
[2025-05-08T17:23:27.536+0300][17,846s][info ][gc] GC(232) Pause Young (Normal) (G1 Evacuation Pause) 156M->6M(256M) 0,955ms
[2025-05-08T17:23:27.612+0300][17,922s][info ][gc] GC(233) Pause Young (Normal) (G1 Evacuation Pause) 156M->4M(256M) 0,518ms
[2025-05-08T17:23:27.689+0300][18,000s][info ][gc] GC(234) Pause Young (Normal) (G1 Evacuation Pause) 156M->5M(256M) 0,799ms
[2025-05-08T17:23:27.767+0300][18,077s][info ][gc] GC(235) Pause Young (Normal) (G1 Evacuation Pause) 156M->6M(256M) 1,120ms
[2025-05-08T17:23:27.844+0300][18,155s][info ][gc] GC(236) Pause Young (Normal) (G1 Evacuation Pause) 156M->4M(256M) 0,499ms
[2025-05-08T17:23:27.923+0300][18,234s][info ][gc] GC(237) Pause Young (Normal) (G1 Evacuation Pause) 156M->5M(256M) 0,878ms
[2025-05-08T17:23:28.000+0300][18,311s][info ][gc] GC(238) Pause Young (Normal) (G1 Evacuation Pause) 156M->6M(256M) 1,034ms
[2025-05-08T17:23:28.076+0300][18,387s][info ][gc] GC(239) Pause Young (Normal) (G1 Evacuation Pause) 156M->4M(256M) 0,525ms
[2025-05-08T17:23:28.154+0300][18,464s][info ][gc] GC(240) Pause Young (Normal) (G1 Evacuation Pause) 156M->5M(256M) 0,730ms
[2025-05-08T17:23:28.230+0300][18,541s][info ][gc] GC(241) Pause Young (Normal) (G1 Evacuation Pause) 156M->6M(256M) 0,843ms
[2025-05-08T17:23:28.306+0300][18,617s][info ][gc] GC(242) Pause Young (Normal) (G1 Evacuation Pause) 156M->7M(256M) 0,990ms
[2025-05-08T17:23:28.382+0300][18,692s][info ][gc] GC(243) Pause Young (Normal) (G1 Evacuation Pause) 156M->4M(256M) 0,610ms
[2025-05-08T17:23:28.459+0300][18,770s][info ][gc] GC(244) Pause Young (Normal) (G1 Evacuation Pause) 156M->5M(256M) 1,071ms
[2025-05-08T17:23:28.536+0300][18,846s][info ][gc] GC(245) Pause Young (Normal) (G1 Evacuation Pause) 156M->6M(256M) 1,093ms
[2025-05-08T17:23:28.612+0300][18,922s][info ][gc] GC(246) Pause Young (Normal) (G1 Evacuation Pause) 156M->4M(256M) 0,515ms
[2025-05-08T17:23:28.690+0300][19,000s][info ][gc] GC(247) Pause Young (Normal) (G1 Evacuation Pause) 156M->5M(256M) 0,825ms
[2025-05-08T17:23:28.767+0300][19,077s][info ][gc] GC(248) Pause Young (Normal) (G1 Evacuation Pause) 156M->6M(256M) 1,020ms
[2025-05-08T17:23:28.843+0300][19,154s][info ][gc] GC(249) Pause Young (Normal) (G1 Evacuation Pause) 156M->4M(256M) 0,505ms
[2025-05-08T17:23:28.920+0300][19,231s][info ][gc] GC(250) Pause Young (Normal) (G1 Evacuation Pause) 156M->5M(256M) 0,803ms
[2025-05-08T17:23:28.998+0300][19,309s][info ][gc] GC(251) Pause Young (Normal) (G1 Evacuation Pause) 156M->6M(256M) 1,042ms
[2025-05-08T17:23:29.075+0300][19,386s][info ][gc] GC(252) Pause Young (Normal) (G1 Evacuation Pause) 156M->4M(256M) 0,471ms
[2025-05-08T17:23:29.153+0300][19,464s][info ][gc] GC(253) Pause Young (Normal) (G1 Evacuation Pause) 156M->5M(256M) 0,904ms
[2025-05-08T17:23:29.230+0300][19,541s][info ][gc] GC(254) Pause Young (Normal) (G1 Evacuation Pause) 156M->6M(256M) 1,111ms
[2025-05-08T17:23:29.306+0300][19,617s][info ][gc] GC(255) Pause Young (Normal) (G1 Evacuation Pause) 156M->4M(256M) 0,459ms
[2025-05-08T17:23:29.384+0300][19,694s][info ][gc] GC(256) Pause Young (Normal) (G1 Evacuation Pause) 156M->5M(256M) 0,715ms
[2025-05-08T17:23:29.461+0300][19,771s][info ][gc] GC(257) Pause Young (Normal) (G1 Evacuation Pause) 156M->6M(256M) 1,031ms
[2025-05-08T17:23:29.537+0300][19,847s][info ][gc] GC(258) Pause Young (Normal) (G1 Evacuation Pause) 156M->4M(256M) 0,547ms
[2025-05-08T17:23:29.614+0300][19,925s][info ][gc] GC(259) Pause Young (Normal) (G1 Evacuation Pause) 156M->5M(256M) 0,766ms
[2025-05-08T17:23:29.691+0300][20,002s][info ][gc] GC(260) Pause Young (Normal) (G1 Evacuation Pause) 156M->6M(256M) 1,199ms
[2025-05-08T17:23:29.768+0300][20,078s][info ][gc] GC(261) Pause Young (Normal) (G1 Evacuation Pause) 156M->4M(256M) 0,557ms
[2025-05-08T17:23:29.845+0300][20,155s][info ][gc] GC(262) Pause Young (Normal) (G1 Evacuation Pause) 156M->5M(256M) 0,648ms
[2025-05-08T17:23:29.921+0300][20,232s][info ][gc] GC(263) Pause Young (Normal) (G1 Evacuation Pause) 156M->6M(256M) 1,001ms
[2025-05-08T17:23:29.998+0300][20,309s][info ][gc] GC(264) Pause Young (Normal) (G1 Evacuation Pause) 156M->7M(256M) 1,059ms
[2025-05-08T17:23:30.074+0300][20,384s][info ][gc] GC(265) Pause Young (Normal) (G1 Evacuation Pause) 156M->4M(256M) 0,663ms
[2025-05-08T17:23:30.151+0300][20,462s][info ][gc] GC(266) Pause Young (Normal) (G1 Evacuation Pause) 156M->5M(256M) 0,832ms
[2025-05-08T17:23:30.228+0300][20,539s][info ][gc] GC(267) Pause Young (Normal) (G1 Evacuation Pause) 156M->6M(256M) 1,189ms
[2025-05-08T17:23:30.304+0300][20,615s][info ][gc] GC(268) Pause Young (Normal) (G1 Evacuation Pause) 156M->4M(256M) 0,476ms
[2025-05-08T17:23:30.382+0300][20,693s][info ][gc] GC(269) Pause Young (Normal) (G1 Evacuation Pause) 156M->5M(256M) 0,860ms
[2025-05-08T17:23:30.459+0300][20,770s][info ][gc] GC(270) Pause Young (Normal) (G1 Evacuation Pause) 156M->6M(256M) 1,054ms
[2025-05-08T17:23:30.535+0300][20,846s][info ][gc] GC(271) Pause Young (Normal) (G1 Evacuation Pause) 156M->4M(256M) 0,467ms
[2025-05-08T17:23:30.612+0300][20,923s][info ][gc] GC(272) Pause Young (Normal) (G1 Evacuation Pause) 156M->5M(256M) 0,849ms
[2025-05-08T17:23:30.689+0300][21,000s][info ][gc] GC(273) Pause Young (Normal) (G1 Evacuation Pause) 156M->6M(256M) 1,040ms
[2025-05-08T17:23:30.766+0300][21,076s][info ][gc] GC(274) Pause Young (Normal) (G1 Evacuation Pause) 156M->4M(256M) 0,727ms
[2025-05-08T17:23:30.844+0300][21,154s][info ][gc] GC(275) Pause Young (Normal) (G1 Evacuation Pause) 156M->5M(256M) 0,859ms
[2025-05-08T17:23:30.921+0300][21,231s][info ][gc] GC(276) Pause Young (Normal) (G1 Evacuation Pause) 156M->6M(256M) 1,014ms
[2025-05-08T17:23:30.997+0300][21,307s][info ][gc] GC(277) Pause Young (Normal) (G1 Evacuation Pause) 156M->4M(256M) 0,548ms
[2025-05-08T17:23:31.074+0300][21,385s][info ][gc] GC(278) Pause Young (Normal) (G1 Evacuation Pause) 156M->5M(256M) 0,678ms
[2025-05-08T17:23:31.152+0300][21,462s][info ][gc] GC(279) Pause Young (Normal) (G1 Evacuation Pause) 156M->6M(256M) 1,063ms
[2025-05-08T17:23:31.227+0300][21,538s][info ][gc] GC(280) Pause Young (Normal) (G1 Evacuation Pause) 156M->4M(256M) 0,509ms
[2025-05-08T17:23:31.305+0300][21,615s][info ][gc] GC(281) Pause Young (Normal) (G1 Evacuation Pause) 156M->5M(256M) 0,788ms
[2025-05-08T17:23:31.382+0300][21,692s][info ][gc] GC(282) Pause Young (Normal) (G1 Evacuation Pause) 156M->6M(256M) 0,995ms
[2025-05-08T17:23:31.457+0300][21,768s][info ][gc] GC(283) Pause Young (Normal) (G1 Evacuation Pause) 156M->3M(256M) 0,483ms
[2025-05-08T17:23:31.534+0300][21,845s][info ][gc] GC(284) Pause Young (Normal) (G1 Evacuation Pause) 155M->5M(256M) 0,721ms
[2025-05-08T17:23:31.611+0300][21,921s][info ][gc] GC(285) Pause Young (Normal) (G1 Evacuation Pause) 156M->6M(256M) 1,008ms
[2025-05-08T17:23:31.687+0300][21,998s][info ][gc] GC(286) Pause Young (Normal) (G1 Evacuation Pause) 156M->7M(256M) 1,115ms
[2025-05-08T17:23:31.763+0300][22,074s][info ][gc] GC(287) Pause Young (Normal) (G1 Evacuation Pause) 156M->4M(256M) 0,681ms
[2025-05-08T17:23:31.841+0300][22,151s][info ][gc] GC(288) Pause Young (Normal) (G1 Evacuation Pause) 156M->5M(256M) 0,874ms
[2025-05-08T17:23:31.917+0300][22,228s][info ][gc] GC(289) Pause Young (Normal) (G1 Evacuation Pause) 156M->6M(256M) 1,021ms
[2025-05-08T17:23:31.993+0300][22,304s][info ][gc] GC(290) Pause Young (Normal) (G1 Evacuation Pause) 156M->4M(256M) 0,508ms
[2025-05-08T17:23:32.070+0300][22,381s][info ][gc] GC(291) Pause Young (Normal) (G1 Evacuation Pause) 156M->5M(256M) 0,689ms
[2025-05-08T17:23:32.148+0300][22,458s][info ][gc] GC(292) Pause Young (Normal) (G1 Evacuation Pause) 156M->6M(256M) 1,075ms
[2025-05-08T17:23:32.224+0300][22,534s][info ][gc] GC(293) Pause Young (Normal) (G1 Evacuation Pause) 156M->4M(256M) 0,495ms
[2025-05-08T17:23:32.300+0300][22,611s][info ][gc] GC(294) Pause Young (Normal) (G1 Evacuation Pause) 156M->5M(256M) 0,813ms
[2025-05-08T17:23:32.378+0300][22,688s][info ][gc] GC(295) Pause Young (Normal) (G1 Evacuation Pause) 156M->6M(256M) 1,114ms
[2025-05-08T17:23:32.454+0300][22,764s][info ][gc] GC(296) Pause Young (Normal) (G1 Evacuation Pause) 156M->4M(256M) 0,686ms
[2025-05-08T17:23:32.531+0300][22,841s][info ][gc] GC(297) Pause Young (Normal) (G1 Evacuation Pause) 156M->5M(256M) 0,828ms
[2025-05-08T17:23:32.608+0300][22,918s][info ][gc] GC(298) Pause Young (Normal) (G1 Evacuation Pause) 156M->6M(256M) 0,833ms
[2025-05-08T17:23:32.684+0300][22,994s][info ][gc] GC(299) Pause Young (Normal) (G1 Evacuation Pause) 156M->4M(256M) 0,648ms
[2025-05-08T17:23:32.761+0300][23,071s][info ][gc] GC(300) Pause Young (Normal) (G1 Evacuation Pause) 156M->5M(256M) 0,686ms
[2025-05-08T17:23:32.838+0300][23,148s][info ][gc] GC(301) Pause Young (Normal) (G1 Evacuation Pause) 156M->6M(256M) 0,996ms
[2025-05-08T17:23:32.914+0300][23,224s][info ][gc] GC(302) Pause Young (Normal) (G1 Evacuation Pause) 156M->4M(256M) 0,595ms
[2025-05-08T17:23:32.991+0300][23,301s][info ][gc] GC(303) Pause Young (Normal) (G1 Evacuation Pause) 156M->5M(256M) 0,809ms
[2025-05-08T17:23:33.068+0300][23,379s][info ][gc] GC(304) Pause Young (Normal) (G1 Evacuation Pause) 156M->6M(256M) 0,994ms
[2025-05-08T17:23:33.145+0300][23,455s][info ][gc] GC(305) Pause Young (Normal) (G1 Evacuation Pause) 156M->7M(256M) 1,291ms
[2025-05-08T17:23:33.221+0300][23,532s][info ][gc] GC(306) Pause Young (Normal) (G1 Evacuation Pause) 156M->4M(256M) 0,741ms
[2025-05-08T17:23:33.298+0300][23,609s][info ][gc] GC(307) Pause Young (Normal) (G1 Evacuation Pause) 156M->5M(256M) 0,856ms
[2025-05-08T17:23:33.376+0300][23,686s][info ][gc] GC(308) Pause Young (Normal) (G1 Evacuation Pause) 156M->6M(256M) 1,189ms
[2025-05-08T17:23:33.452+0300][23,762s][info ][gc] GC(309) Pause Young (Normal) (G1 Evacuation Pause) 156M->4M(256M) 0,690ms
[2025-05-08T17:23:33.529+0300][23,839s][info ][gc] GC(310) Pause Young (Normal) (G1 Evacuation Pause) 156M->5M(256M) 0,856ms
[2025-05-08T17:23:33.605+0300][23,916s][info ][gc] GC(311) Pause Young (Normal) (G1 Evacuation Pause) 156M->6M(256M) 1,087ms
[2025-05-08T17:23:33.681+0300][23,992s][info ][gc] GC(312) Pause Young (Normal) (G1 Evacuation Pause) 156M->4M(256M) 0,495ms
[2025-05-08T17:23:33.758+0300][24,069s][info ][gc] GC(313) Pause Young (Normal) (G1 Evacuation Pause) 156M->5M(256M) 0,842ms
[2025-05-08T17:23:33.835+0300][24,146s][info ][gc] GC(314) Pause Young (Normal) (G1 Evacuation Pause) 156M->6M(256M) 1,034ms
[2025-05-08T17:23:33.911+0300][24,222s][info ][gc] GC(315) Pause Young (Normal) (G1 Evacuation Pause) 156M->4M(256M) 0,489ms
[2025-05-08T17:23:33.988+0300][24,299s][info ][gc] GC(316) Pause Young (Normal) (G1 Evacuation Pause) 156M->5M(256M) 0,858ms
[2025-05-08T17:23:34.065+0300][24,376s][info ][gc] GC(317) Pause Young (Normal) (G1 Evacuation Pause) 156M->6M(256M) 1,215ms
[2025-05-08T17:23:34.142+0300][24,453s][info ][gc] GC(318) Pause Young (Normal) (G1 Evacuation Pause) 156M->4M(256M) 0,441ms
[2025-05-08T17:23:34.220+0300][24,530s][info ][gc] GC(319) Pause Young (Normal) (G1 Evacuation Pause) 156M->5M(256M) 0,790ms
[2025-05-08T17:23:34.297+0300][24,608s][info ][gc] GC(320) Pause Young (Normal) (G1 Evacuation Pause) 156M->6M(256M) 1,068ms
[2025-05-08T17:23:34.373+0300][24,684s][info ][gc] GC(321) Pause Young (Normal) (G1 Evacuation Pause) 156M->4M(256M) 0,519ms
[2025-05-08T17:23:34.451+0300][24,762s][info ][gc] GC(322) Pause Young (Normal) (G1 Evacuation Pause) 156M->5M(256M) 0,844ms
[2025-05-08T17:23:34.528+0300][24,839s][info ][gc] GC(323) Pause Young (Normal) (G1 Evacuation Pause) 156M->6M(256M) 1,126ms
[2025-05-08T17:23:34.604+0300][24,915s][info ][gc] GC(324) Pause Young (Normal) (G1 Evacuation Pause) 156M->3M(256M) 0,467ms
[2025-05-08T17:23:34.681+0300][24,992s][info ][gc] GC(325) Pause Young (Normal) (G1 Evacuation Pause) 155M->5M(256M) 0,766ms
[2025-05-08T17:23:34.758+0300][25,068s][info ][gc] GC(326) Pause Young (Normal) (G1 Evacuation Pause) 156M->6M(256M) 0,907ms
[2025-05-08T17:23:34.834+0300][25,145s][info ][gc] GC(327) Pause Young (Normal) (G1 Evacuation Pause) 156M->7M(256M) 1,053ms
[2025-05-08T17:23:34.910+0300][25,221s][info ][gc] GC(328) Pause Young (Normal) (G1 Evacuation Pause) 156M->4M(256M) 0,657ms
[2025-05-08T17:23:34.987+0300][25,298s][info ][gc] GC(329) Pause Young (Normal) (G1 Evacuation Pause) 156M->5M(256M) 0,895ms
[2025-05-08T17:23:35.064+0300][25,375s][info ][gc] GC(330) Pause Young (Normal) (G1 Evacuation Pause) 156M->6M(256M) 1,102ms
[2025-05-08T17:23:35.140+0300][25,451s][info ][gc] GC(331) Pause Young (Normal) (G1 Evacuation Pause) 156M->4M(256M) 0,659ms
[2025-05-08T17:23:35.218+0300][25,528s][info ][gc] GC(332) Pause Young (Normal) (G1 Evacuation Pause) 156M->5M(256M) 0,946ms
[2025-05-08T17:23:35.295+0300][25,606s][info ][gc] GC(333) Pause Young (Normal) (G1 Evacuation Pause) 156M->6M(256M) 1,093ms
[2025-05-08T17:23:35.371+0300][25,682s][info ][gc] GC(334) Pause Young (Normal) (G1 Evacuation Pause) 155M->4M(256M) 0,463ms
[2025-05-08T17:23:35.449+0300][25,759s][info ][gc] GC(335) Pause Young (Normal) (G1 Evacuation Pause) 156M->5M(256M) 0,828ms
[2025-05-08T17:23:35.526+0300][25,836s][info ][gc] GC(336) Pause Young (Normal) (G1 Evacuation Pause) 156M->6M(256M) 0,979ms
[2025-05-08T17:23:35.602+0300][25,912s][info ][gc] GC(337) Pause Young (Normal) (G1 Evacuation Pause) 156M->4M(256M) 0,549ms
[2025-05-08T17:23:35.679+0300][25,989s][info ][gc] GC(338) Pause Young (Normal) (G1 Evacuation Pause) 156M->5M(256M) 0,784ms
[2025-05-08T17:23:35.756+0300][26,066s][info ][gc] GC(339) Pause Young (Normal) (G1 Evacuation Pause) 156M->6M(256M) 1,037ms
[2025-05-08T17:23:35.832+0300][26,143s][info ][gc] GC(340) Pause Young (Normal) (G1 Evacuation Pause) 156M->4M(256M) 0,550ms
[2025-05-08T17:23:35.909+0300][26,220s][info ][gc] GC(341) Pause Young (Normal) (G1 Evacuation Pause) 156M->5M(256M) 0,684ms
[2025-05-08T17:23:35.986+0300][26,297s][info ][gc] GC(342) Pause Young (Normal) (G1 Evacuation Pause) 156M->6M(256M) 1,053ms
[2025-05-08T17:23:36.063+0300][26,374s][info ][gc] GC(343) Pause Young (Normal) (G1 Evacuation Pause) 156M->7M(256M) 1,268ms
[2025-05-08T17:23:36.139+0300][26,449s][info ][gc] GC(344) Pause Young (Normal) (G1 Evacuation Pause) 156M->4M(256M) 0,617ms
[2025-05-08T17:23:36.216+0300][26,527s][info ][gc] GC(345) Pause Young (Normal) (G1 Evacuation Pause) 156M->5M(256M) 0,960ms
[2025-05-08T17:23:36.294+0300][26,604s][info ][gc] GC(346) Pause Young (Normal) (G1 Evacuation Pause) 156M->6M(256M) 1,185ms
[2025-05-08T17:23:36.370+0300][26,680s][info ][gc] GC(347) Pause Young (Normal) (G1 Evacuation Pause) 156M->4M(256M) 0,719ms
[2025-05-08T17:23:36.447+0300][26,757s][info ][gc] GC(348) Pause Young (Normal) (G1 Evacuation Pause) 156M->5M(256M) 0,868ms
[2025-05-08T17:23:36.523+0300][26,834s][info ][gc] GC(349) Pause Young (Normal) (G1 Evacuation Pause) 156M->6M(256M) 1,080ms
[2025-05-08T17:23:36.599+0300][26,910s][info ][gc] GC(350) Pause Young (Normal) (G1 Evacuation Pause) 156M->4M(256M) 0,493ms
[2025-05-08T17:23:36.676+0300][26,987s][info ][gc] GC(351) Pause Young (Normal) (G1 Evacuation Pause) 156M->5M(256M) 0,820ms
[2025-05-08T17:23:36.753+0300][27,063s][info ][gc] GC(352) Pause Young (Normal) (G1 Evacuation Pause) 156M->6M(256M) 0,974ms
[2025-05-08T17:23:36.829+0300][27,139s][info ][gc] GC(353) Pause Young (Normal) (G1 Evacuation Pause) 156M->4M(256M) 0,488ms
[2025-05-08T17:23:36.906+0300][27,217s][info ][gc] GC(354) Pause Young (Normal) (G1 Evacuation Pause) 156M->5M(256M) 0,810ms
[2025-05-08T17:23:36.985+0300][27,296s][info ][gc] GC(355) Pause Young (Normal) (G1 Evacuation Pause) 156M->6M(256M) 0,916ms
[2025-05-08T17:23:37.065+0300][27,376s][info ][gc] GC(356) Pause Young (Normal) (G1 Evacuation Pause) 156M->4M(256M) 0,541ms
[2025-05-08T17:23:37.146+0300][27,456s][info ][gc] GC(357) Pause Young (Normal) (G1 Evacuation Pause) 156M->5M(256M) 0,636ms
[2025-05-08T17:23:37.225+0300][27,536s][info ][gc] GC(358) Pause Young (Normal) (G1 Evacuation Pause) 156M->6M(256M) 0,924ms
[2025-05-08T17:23:37.303+0300][27,614s][info ][gc] GC(359) Pause Young (Normal) (G1 Evacuation Pause) 156M->4M(256M) 0,505ms
[2025-05-08T17:23:37.383+0300][27,693s][info ][gc] GC(360) Pause Young (Normal) (G1 Evacuation Pause) 156M->5M(256M) 0,712ms
[2025-05-08T17:23:37.462+0300][27,773s][info ][gc] GC(361) Pause Young (Normal) (G1 Evacuation Pause) 156M->6M(256M) 0,855ms
[2025-05-08T17:23:37.539+0300][27,849s][info ][gc] GC(362) Pause Young (Normal) (G1 Evacuation Pause) 156M->4M(256M) 0,361ms
[2025-05-08T17:23:37.616+0300][27,927s][info ][gc] GC(363) Pause Young (Normal) (G1 Evacuation Pause) 156M->5M(256M) 0,938ms
[2025-05-08T17:23:37.693+0300][28,004s][info ][gc] GC(364) Pause Young (Normal) (G1 Evacuation Pause) 156M->6M(256M) 0,843ms
[2025-05-08T17:23:37.771+0300][28,082s][info ][gc] GC(365) Pause Young (Normal) (G1 Evacuation Pause) 156M->7M(256M) 1,032ms
[2025-05-08T17:23:37.847+0300][28,158s][info ][gc] GC(366) Pause Young (Normal) (G1 Evacuation Pause) 156M->4M(256M) 0,438ms
[2025-05-08T17:23:37.925+0300][28,236s][info ][gc] GC(367) Pause Young (Normal) (G1 Evacuation Pause) 156M->5M(256M) 0,892ms
[2025-05-08T17:23:38.003+0300][28,313s][info ][gc] GC(368) Pause Young (Normal) (G1 Evacuation Pause) 156M->6M(256M) 1,228ms
[2025-05-08T17:23:38.081+0300][28,392s][info ][gc] GC(369) Pause Young (Normal) (G1 Evacuation Pause) 156M->4M(256M) 0,455ms
[2025-05-08T17:23:38.159+0300][28,470s][info ][gc] GC(370) Pause Young (Normal) (G1 Evacuation Pause) 156M->5M(256M) 0,913ms
[2025-05-08T17:23:38.237+0300][28,548s][info ][gc] GC(371) Pause Young (Normal) (G1 Evacuation Pause) 156M->6M(256M) 1,281ms
[2025-05-08T17:23:38.313+0300][28,624s][info ][gc] GC(372) Pause Young (Normal) (G1 Evacuation Pause) 156M->4M(256M) 0,470ms
[2025-05-08T17:23:38.391+0300][28,701s][info ][gc] GC(373) Pause Young (Normal) (G1 Evacuation Pause) 156M->5M(256M) 0,831ms
[2025-05-08T17:23:38.468+0300][28,779s][info ][gc] GC(374) Pause Young (Normal) (G1 Evacuation Pause) 156M->6M(256M) 1,101ms
[2025-05-08T17:23:38.545+0300][28,855s][info ][gc] GC(375) Pause Young (Normal) (G1 Evacuation Pause) 156M->4M(256M) 0,574ms
[2025-05-08T17:23:38.622+0300][28,932s][info ][gc] GC(376) Pause Young (Normal) (G1 Evacuation Pause) 156M->5M(256M) 0,849ms
[2025-05-08T17:23:38.699+0300][29,010s][info ][gc] GC(377) Pause Young (Normal) (G1 Evacuation Pause) 156M->6M(256M) 0,938ms
[2025-05-08T17:23:38.777+0300][29,087s][info ][gc] GC(378) Pause Young (Normal) (G1 Evacuation Pause) 156M->4M(256M) 0,528ms
[2025-05-08T17:23:38.855+0300][29,166s][info ][gc] GC(379) Pause Young (Normal) (G1 Evacuation Pause) 156M->5M(256M) 0,641ms
[2025-05-08T17:23:38.932+0300][29,243s][info ][gc] GC(380) Pause Young (Normal) (G1 Evacuation Pause) 156M->6M(256M) 0,797ms
[2025-05-08T17:23:39.008+0300][29,319s][info ][gc] GC(381) Pause Young (Normal) (G1 Evacuation Pause) 156M->4M(256M) 0,455ms
[2025-05-08T17:23:39.086+0300][29,397s][info ][gc] GC(382) Pause Young (Normal) (G1 Evacuation Pause) 156M->5M(256M) 0,645ms
[2025-05-08T17:23:39.163+0300][29,474s][info ][gc] GC(383) Pause Young (Normal) (G1 Evacuation Pause) 156M->6M(256M) 0,907ms
[2025-05-08T17:23:39.240+0300][29,550s][info ][gc] GC(384) Pause Young (Normal) (G1 Evacuation Pause) 156M->4M(256M) 0,528ms
[2025-05-08T17:23:39.319+0300][29,629s][info ][gc] GC(385) Pause Young (Normal) (G1 Evacuation Pause) 156M->5M(256M) 0,700ms
[2025-05-08T17:23:39.396+0300][29,706s][info ][gc] GC(386) Pause Young (Normal) (G1 Evacuation Pause) 156M->6M(256M) 0,854ms
[2025-05-08T17:23:39.473+0300][29,783s][info ][gc] GC(387) Pause Young (Normal) (G1 Evacuation Pause) 156M->7M(256M) 0,966ms
[2025-05-08T17:23:39.549+0300][29,859s][info ][gc] GC(388) Pause Young (Normal) (G1 Evacuation Pause) 156M->4M(256M) 0,450ms
[2025-05-08T17:23:39.626+0300][29,937s][info ][gc] GC(389) Pause Young (Normal) (G1 Evacuation Pause) 156M->5M(256M) 1,052ms
[2025-05-08T17:23:39.704+0300][30,014s][info ][gc] GC(390) Pause Young (Normal) (G1 Evacuation Pause) 156M->6M(256M) 1,078ms
[2025-05-08T17:23:39.780+0300][30,091s][info ][gc] GC(391) Pause Young (Normal) (G1 Evacuation Pause) 156M->4M(256M) 0,608ms
[2025-05-08T17:23:39.857+0300][30,168s][info ][gc] GC(392) Pause Young (Normal) (G1 Evacuation Pause) 156M->5M(256M) 0,881ms
[2025-05-08T17:23:39.934+0300][30,245s][info ][gc] GC(393) Pause Young (Normal) (G1 Evacuation Pause) 156M->6M(256M) 1,116ms
[2025-05-08T17:23:40.010+0300][30,321s][info ][gc] GC(394) Pause Young (Normal) (G1 Evacuation Pause) 156M->4M(256M) 0,498ms
[2025-05-08T17:23:40.087+0300][30,398s][info ][gc] GC(395) Pause Young (Normal) (G1 Evacuation Pause) 156M->5M(256M) 0,806ms
[2025-05-08T17:23:40.164+0300][30,475s][info ][gc] GC(396) Pause Young (Normal) (G1 Evacuation Pause) 156M->6M(256M) 1,119ms
[2025-05-08T17:23:40.239+0300][30,550s][info ][gc] GC(397) Pause Young (Normal) (G1 Evacuation Pause) 156M->4M(256M) 0,459ms
[2025-05-08T17:23:40.317+0300][30,627s][info ][gc] GC(398) Pause Young (Normal) (G1 Evacuation Pause) 156M->5M(256M) 0,901ms
[2025-05-08T17:23:40.394+0300][30,704s][info ][gc] GC(399) Pause Young (Normal) (G1 Evacuation Pause) 156M->6M(256M) 0,873ms
[2025-05-08T17:23:40.470+0300][30,781s][info ][gc] GC(400) Pause Young (Normal) (G1 Evacuation Pause) 156M->4M(256M) 0,461ms
[2025-05-08T17:23:40.548+0300][30,859s][info ][gc] GC(401) Pause Young (Normal) (G1 Evacuation Pause) 156M->5M(256M) 0,825ms
[2025-05-08T17:23:40.626+0300][30,936s][info ][gc] GC(402) Pause Young (Normal) (G1 Evacuation Pause) 156M->6M(256M) 1,135ms
[2025-05-08T17:23:40.702+0300][31,013s][info ][gc] GC(403) Pause Young (Normal) (G1 Evacuation Pause) 156M->4M(256M) 0,471ms
[2025-05-08T17:23:40.780+0300][31,090s][info ][gc] GC(404) Pause Young (Normal) (G1 Evacuation Pause) 156M->5M(256M) 0,599ms
[2025-05-08T17:23:40.857+0300][31,168s][info ][gc] GC(405) Pause Young (Normal) (G1 Evacuation Pause) 156M->6M(256M) 0,891ms
[2025-05-08T17:23:40.934+0300][31,245s][info ][gc] GC(406) Pause Young (Normal) (G1 Evacuation Pause) 156M->7M(256M) 0,995ms
[2025-05-08T17:23:41.010+0300][31,320s][info ][gc] GC(407) Pause Young (Normal) (G1 Evacuation Pause) 156M->4M(256M) 0,685ms
[2025-05-08T17:23:41.090+0300][31,401s][info ][gc] GC(408) Pause Young (Normal) (G1 Evacuation Pause) 156M->5M(256M) 1,140ms
[2025-05-08T17:23:41.169+0300][31,480s][info ][gc] GC(409) Pause Young (Normal) (G1 Evacuation Pause) 156M->6M(256M) 1,093ms
[2025-05-08T17:23:41.246+0300][31,557s][info ][gc] GC(410) Pause Young (Normal) (G1 Evacuation Pause) 156M->4M(256M) 0,698ms
[2025-05-08T17:23:41.323+0300][31,634s][info ][gc] GC(411) Pause Young (Normal) (G1 Evacuation Pause) 156M->5M(256M) 0,880ms
[2025-05-08T17:23:41.400+0300][31,711s][info ][gc] GC(412) Pause Young (Normal) (G1 Evacuation Pause) 156M->6M(256M) 1,084ms
[2025-05-08T17:23:41.478+0300][31,789s][info ][gc] GC(413) Pause Young (Normal) (G1 Evacuation Pause) 156M->4M(256M) 0,493ms
[2025-05-08T17:23:41.556+0300][31,867s][info ][gc] GC(414) Pause Young (Normal) (G1 Evacuation Pause) 156M->5M(256M) 0,790ms
[2025-05-08T17:23:41.633+0300][31,944s][info ][gc] GC(415) Pause Young (Normal) (G1 Evacuation Pause) 156M->6M(256M) 1,141ms
[2025-05-08T17:23:41.709+0300][32,020s][info ][gc] GC(416) Pause Young (Normal) (G1 Evacuation Pause) 156M->4M(256M) 0,456ms
[2025-05-08T17:23:41.786+0300][32,097s][info ][gc] GC(417) Pause Young (Normal) (G1 Evacuation Pause) 156M->5M(256M) 0,618ms
[2025-05-08T17:23:41.863+0300][32,174s][info ][gc] GC(418) Pause Young (Normal) (G1 Evacuation Pause) 156M->6M(256M) 1,144ms
[2025-05-08T17:23:41.939+0300][32,250s][info ][gc] GC(419) Pause Young (Normal) (G1 Evacuation Pause) 156M->4M(256M) 0,462ms
[2025-05-08T17:23:42.016+0300][32,327s][info ][gc] GC(420) Pause Young (Normal) (G1 Evacuation Pause) 156M->5M(256M) 0,902ms
[2025-05-08T17:23:42.093+0300][32,404s][info ][gc] GC(421) Pause Young (Normal) (G1 Evacuation Pause) 156M->6M(256M) 0,992ms
[2025-05-08T17:23:42.169+0300][32,480s][info ][gc] GC(422) Pause Young (Normal) (G1 Evacuation Pause) 156M->4M(256M) 0,409ms
[2025-05-08T17:23:42.246+0300][32,556s][info ][gc] GC(423) Pause Young (Normal) (G1 Evacuation Pause) 156M->5M(256M) 0,677ms
[2025-05-08T17:23:42.322+0300][32,633s][info ][gc] GC(424) Pause Young (Normal) (G1 Evacuation Pause) 156M->6M(256M) 1,052ms
[2025-05-08T17:23:42.398+0300][32,709s][info ][gc] GC(425) Pause Young (Normal) (G1 Evacuation Pause) 156M->4M(256M) 0,516ms
[2025-05-08T17:23:42.476+0300][32,786s][info ][gc] GC(426) Pause Young (Normal) (G1 Evacuation Pause) 156M->5M(256M) 0,701ms
[2025-05-08T17:23:42.553+0300][32,863s][info ][gc] GC(427) Pause Young (Normal) (G1 Evacuation Pause) 156M->6M(256M) 0,835ms
[2025-05-08T17:23:42.629+0300][32,940s][info ][gc] GC(428) Pause Young (Normal) (G1 Evacuation Pause) 156M->7M(256M) 1,129ms
[2025-05-08T17:23:42.705+0300][33,016s][info ][gc] GC(429) Pause Young (Normal) (G1 Evacuation Pause) 156M->4M(256M) 0,447ms
[2025-05-08T17:23:42.783+0300][33,093s][info ][gc] GC(430) Pause Young (Normal) (G1 Evacuation Pause) 156M->5M(256M) 0,876ms
[2025-05-08T17:23:42.860+0300][33,170s][info ][gc] GC(431) Pause Young (Normal) (G1 Evacuation Pause) 156M->6M(256M) 1,059ms
[2025-05-08T17:23:42.938+0300][33,248s][info ][gc] GC(432) Pause Young (Normal) (G1 Evacuation Pause) 156M->4M(256M) 0,459ms
[2025-05-08T17:23:43.018+0300][33,329s][info ][gc] GC(433) Pause Young (Normal) (G1 Evacuation Pause) 156M->5M(256M) 0,925ms
[2025-05-08T17:23:43.097+0300][33,407s][info ][gc] GC(434) Pause Young (Normal) (G1 Evacuation Pause) 156M->6M(256M) 1,162ms
[2025-05-08T17:23:43.177+0300][33,488s][info ][gc] GC(435) Pause Young (Normal) (G1 Evacuation Pause) 156M->4M(256M) 0,450ms
[2025-05-08T17:23:43.256+0300][33,566s][info ][gc] GC(436) Pause Young (Normal) (G1 Evacuation Pause) 156M->5M(256M) 0,866ms
[2025-05-08T17:23:43.333+0300][33,644s][info ][gc] GC(437) Pause Young (Normal) (G1 Evacuation Pause) 156M->6M(256M) 1,040ms
[2025-05-08T17:23:43.410+0300][33,720s][info ][gc] GC(438) Pause Young (Normal) (G1 Evacuation Pause) 156M->4M(256M) 0,484ms
[2025-05-08T17:23:43.488+0300][33,798s][info ][gc] GC(439) Pause Young (Normal) (G1 Evacuation Pause) 156M->5M(256M) 0,870ms
[2025-05-08T17:23:43.565+0300][33,875s][info ][gc] GC(440) Pause Young (Normal) (G1 Evacuation Pause) 156M->6M(256M) 1,100ms
[2025-05-08T17:23:43.641+0300][33,951s][info ][gc] GC(441) Pause Young (Normal) (G1 Evacuation Pause) 156M->4M(256M) 0,472ms
[2025-05-08T17:23:43.718+0300][34,029s][info ][gc] GC(442) Pause Young (Normal) (G1 Evacuation Pause) 156M->5M(256M) 0,860ms
[2025-05-08T17:23:43.795+0300][34,106s][info ][gc] GC(443) Pause Young (Normal) (G1 Evacuation Pause) 156M->6M(256M) 1,134ms
[2025-05-08T17:23:43.871+0300][34,182s][info ][gc] GC(444) Pause Young (Normal) (G1 Evacuation Pause) 156M->4M(256M) 0,490ms
[2025-05-08T17:23:43.948+0300][34,259s][info ][gc] GC(445) Pause Young (Normal) (G1 Evacuation Pause) 156M->5M(256M) 0,626ms
[2025-05-08T17:23:44.025+0300][34,336s][info ][gc] GC(446) Pause Young (Normal) (G1 Evacuation Pause) 156M->6M(256M) 1,152ms
[2025-05-08T17:23:44.101+0300][34,412s][info ][gc] GC(447) Pause Young (Normal) (G1 Evacuation Pause) 156M->4M(256M) 0,472ms
[2025-05-08T17:23:44.178+0300][34,489s][info ][gc] GC(448) Pause Young (Normal) (G1 Evacuation Pause) 156M->5M(256M) 0,710ms
[2025-05-08T17:23:44.255+0300][34,566s][info ][gc] GC(449) Pause Young (Normal) (G1 Evacuation Pause) 156M->6M(256M) 0,980ms
[2025-05-08T17:23:44.332+0300][34,643s][info ][gc] GC(450) Pause Young (Normal) (G1 Evacuation Pause) 156M->7M(256M) 1,229ms
[2025-05-08T17:23:44.409+0300][34,720s][info ][gc] GC(451) Pause Young (Normal) (G1 Evacuation Pause) 156M->4M(256M) 0,735ms
[2025-05-08T17:23:44.487+0300][34,797s][info ][gc] GC(452) Pause Young (Normal) (G1 Evacuation Pause) 156M->5M(256M) 0,864ms
[2025-05-08T17:23:44.563+0300][34,874s][info ][gc] GC(453) Pause Young (Normal) (G1 Evacuation Pause) 156M->6M(256M) 1,191ms
[2025-05-08T17:23:44.639+0300][34,950s][info ][gc] GC(454) Pause Young (Normal) (G1 Evacuation Pause) 156M->4M(256M) 0,667ms
[2025-05-08T17:23:44.717+0300][35,027s][info ][gc] GC(455) Pause Young (Normal) (G1 Evacuation Pause) 156M->5M(256M) 0,962ms
[2025-05-08T17:23:44.795+0300][35,105s][info ][gc] GC(456) Pause Young (Normal) (G1 Evacuation Pause) 156M->6M(256M) 1,443ms
[2025-05-08T17:23:44.871+0300][35,182s][info ][gc] GC(457) Pause Young (Normal) (G1 Evacuation Pause) 156M->4M(256M) 0,486ms
[2025-05-08T17:23:44.949+0300][35,259s][info ][gc] GC(458) Pause Young (Normal) (G1 Evacuation Pause) 156M->5M(256M) 0,810ms
[2025-05-08T17:23:45.025+0300][35,336s][info ][gc] GC(459) Pause Young (Normal) (G1 Evacuation Pause) 156M->6M(256M) 1,224ms
[2025-05-08T17:23:45.102+0300][35,412s][info ][gc] GC(460) Pause Young (Normal) (G1 Evacuation Pause) 156M->4M(256M) 0,558ms
[2025-05-08T17:23:45.179+0300][35,490s][info ][gc] GC(461) Pause Young (Normal) (G1 Evacuation Pause) 156M->5M(256M) 0,798ms
[2025-05-08T17:23:45.256+0300][35,566s][info ][gc] GC(462) Pause Young (Normal) (G1 Evacuation Pause) 156M->6M(256M) 1,086ms
[2025-05-08T17:23:45.332+0300][35,642s][info ][gc] GC(463) Pause Young (Normal) (G1 Evacuation Pause) 156M->4M(256M) 0,525ms
[2025-05-08T17:23:45.409+0300][35,720s][info ][gc] GC(464) Pause Young (Normal) (G1 Evacuation Pause) 156M->5M(256M) 0,868ms
[2025-05-08T17:23:45.486+0300][35,796s][info ][gc] GC(465) Pause Young (Normal) (G1 Evacuation Pause) 156M->6M(256M) 1,035ms
[2025-05-08T17:23:45.562+0300][35,872s][info ][gc] GC(466) Pause Young (Normal) (G1 Evacuation Pause) 156M->4M(256M) 0,481ms
[2025-05-08T17:23:45.639+0300][35,949s][info ][gc] GC(467) Pause Young (Normal) (G1 Evacuation Pause) 156M->5M(256M) 0,846ms
[2025-05-08T17:23:45.716+0300][36,026s][info ][gc] GC(468) Pause Young (Normal) (G1 Evacuation Pause) 156M->6M(256M) 1,055ms
[2025-05-08T17:23:45.791+0300][36,102s][info ][gc] GC(469) Pause Young (Normal) (G1 Evacuation Pause) 156M->4M(256M) 0,287ms
[2025-05-08T17:23:45.869+0300][36,179s][info ][gc] GC(470) Pause Young (Normal) (G1 Evacuation Pause) 156M->5M(256M) 0,705ms
[2025-05-08T17:23:45.945+0300][36,256s][info ][gc] GC(471) Pause Young (Normal) (G1 Evacuation Pause) 156M->6M(256M) 0,983ms
[2025-05-08T17:23:46.022+0300][36,332s][info ][gc] GC(472) Pause Young (Normal) (G1 Evacuation Pause) 156M->7M(256M) 1,138ms
[2025-05-08T17:23:46.097+0300][36,408s][info ][gc] GC(473) Pause Young (Normal) (G1 Evacuation Pause) 156M->4M(256M) 0,630ms
[2025-05-08T17:23:46.174+0300][36,485s][info ][gc] GC(474) Pause Young (Normal) (G1 Evacuation Pause) 156M->5M(256M) 0,864ms
[2025-05-08T17:23:46.251+0300][36,562s][info ][gc] GC(475) Pause Young (Normal) (G1 Evacuation Pause) 156M->6M(256M) 1,301ms
[2025-05-08T17:23:46.327+0300][36,638s][info ][gc] GC(476) Pause Young (Normal) (G1 Evacuation Pause) 156M->4M(256M) 0,670ms
[2025-05-08T17:23:46.404+0300][36,715s][info ][gc] GC(477) Pause Young (Normal) (G1 Evacuation Pause) 156M->5M(256M) 0,932ms
[2025-05-08T17:23:46.482+0300][36,792s][info ][gc] GC(478) Pause Young (Normal) (G1 Evacuation Pause) 156M->6M(256M) 1,007ms
[2025-05-08T17:23:46.557+0300][36,868s][info ][gc] GC(479) Pause Young (Normal) (G1 Evacuation Pause) 156M->4M(256M) 0,490ms
[2025-05-08T17:23:46.634+0300][36,945s][info ][gc] GC(480) Pause Young (Normal) (G1 Evacuation Pause) 156M->5M(256M) 0,819ms
[2025-05-08T17:23:46.711+0300][37,022s][info ][gc] GC(481) Pause Young (Normal) (G1 Evacuation Pause) 156M->6M(256M) 1,105ms
[2025-05-08T17:23:46.787+0300][37,097s][info ][gc] GC(482) Pause Young (Normal) (G1 Evacuation Pause) 156M->4M(256M) 0,555ms
[2025-05-08T17:23:46.864+0300][37,175s][info ][gc] GC(483) Pause Young (Normal) (G1 Evacuation Pause) 156M->5M(256M) 0,913ms
[2025-05-08T17:23:46.942+0300][37,252s][info ][gc] GC(484) Pause Young (Normal) (G1 Evacuation Pause) 156M->6M(256M) 0,990ms
[2025-05-08T17:23:47.018+0300][37,329s][info ][gc] GC(485) Pause Young (Normal) (G1 Evacuation Pause) 156M->4M(256M) 0,692ms
[2025-05-08T17:23:47.095+0300][37,405s][info ][gc] GC(486) Pause Young (Normal) (G1 Evacuation Pause) 156M->5M(256M) 0,740ms
[2025-05-08T17:23:47.171+0300][37,482s][info ][gc] GC(487) Pause Young (Normal) (G1 Evacuation Pause) 156M->6M(256M) 0,840ms
[2025-05-08T17:23:47.247+0300][37,558s][info ][gc] GC(488) Pause Young (Normal) (G1 Evacuation Pause) 156M->4M(256M) 0,549ms
[2025-05-08T17:23:47.324+0300][37,634s][info ][gc] GC(489) Pause Young (Normal) (G1 Evacuation Pause) 156M->5M(256M) 0,692ms
[2025-05-08T17:23:47.400+0300][37,711s][info ][gc] GC(490) Pause Young (Normal) (G1 Evacuation Pause) 156M->6M(256M) 1,025ms
[2025-05-08T17:23:47.477+0300][37,788s][info ][gc] GC(491) Pause Young (Normal) (G1 Evacuation Pause) 156M->7M(256M) 1,224ms
[2025-05-08T17:23:47.553+0300][37,863s][info ][gc] GC(492) Pause Young (Normal) (G1 Evacuation Pause) 156M->4M(256M) 0,668ms
[2025-05-08T17:23:47.629+0300][37,940s][info ][gc] GC(493) Pause Young (Normal) (G1 Evacuation Pause) 155M->5M(256M) 0,865ms
[2025-05-08T17:23:47.706+0300][38,017s][info ][gc] GC(494) Pause Young (Normal) (G1 Evacuation Pause) 156M->6M(256M) 1,060ms
[2025-05-08T17:23:47.782+0300][38,093s][info ][gc] GC(495) Pause Young (Normal) (G1 Evacuation Pause) 156M->4M(256M) 0,586ms
[2025-05-08T17:23:47.860+0300][38,170s][info ][gc] GC(496) Pause Young (Normal) (G1 Evacuation Pause) 156M->5M(256M) 0,779ms
[2025-05-08T17:23:47.937+0300][38,248s][info ][gc] GC(497) Pause Young (Normal) (G1 Evacuation Pause) 156M->6M(256M) 1,082ms
[2025-05-08T17:23:48.014+0300][38,324s][info ][gc] GC(498) Pause Young (Normal) (G1 Evacuation Pause) 156M->4M(256M) 0,544ms
[2025-05-08T17:23:48.091+0300][38,402s][info ][gc] GC(499) Pause Young (Normal) (G1 Evacuation Pause) 156M->5M(256M) 1,003ms
[2025-05-08T17:23:48.168+0300][38,478s][info ][gc] GC(500) Pause Young (Normal) (G1 Evacuation Pause) 156M->6M(256M) 1,075ms
[2025-05-08T17:23:48.244+0300][38,554s][info ][gc] GC(501) Pause Young (Normal) (G1 Evacuation Pause) 156M->4M(256M) 0,557ms
[2025-05-08T17:23:48.321+0300][38,632s][info ][gc] GC(502) Pause Young (Normal) (G1 Evacuation Pause) 156M->5M(256M) 0,851ms
[2025-05-08T17:23:48.398+0300][38,709s][info ][gc] GC(503) Pause Young (Normal) (G1 Evacuation Pause) 156M->6M(256M) 1,024ms
[2025-05-08T17:23:48.474+0300][38,785s][info ][gc] GC(504) Pause Young (Normal) (G1 Evacuation Pause) 156M->4M(256M) 0,446ms
[2025-05-08T17:23:48.551+0300][38,862s][info ][gc] GC(505) Pause Young (Normal) (G1 Evacuation Pause) 156M->5M(256M) 0,682ms
[2025-05-08T17:23:48.628+0300][38,938s][info ][gc] GC(506) Pause Young (Normal) (G1 Evacuation Pause) 156M->6M(256M) 1,112ms
[2025-05-08T17:23:48.703+0300][39,014s][info ][gc] GC(507) Pause Young (Normal) (G1 Evacuation Pause) 156M->3M(256M) 0,253ms
[2025-05-08T17:23:48.780+0300][39,091s][info ][gc] GC(508) Pause Young (Normal) (G1 Evacuation Pause) 155M->5M(256M) 0,708ms
[2025-05-08T17:23:48.857+0300][39,167s][info ][gc] GC(509) Pause Young (Normal) (G1 Evacuation Pause) 156M->6M(256M) 0,843ms
[2025-05-08T17:23:48.933+0300][39,243s][info ][gc] GC(510) Pause Young (Normal) (G1 Evacuation Pause) 156M->7M(256M) 0,974ms
[2025-05-08T17:23:49.008+0300][39,319s][info ][gc] GC(511) Pause Young (Normal) (G1 Evacuation Pause) 156M->4M(256M) 0,543ms
[2025-05-08T17:23:49.085+0300][39,396s][info ][gc] GC(512) Pause Young (Normal) (G1 Evacuation Pause) 156M->5M(256M) 0,843ms
[2025-05-08T17:23:49.162+0300][39,473s][info ][gc] GC(513) Pause Young (Normal) (G1 Evacuation Pause) 156M->6M(256M) 1,018ms
[2025-05-08T17:23:49.237+0300][39,548s][info ][gc] GC(514) Pause Young (Normal) (G1 Evacuation Pause) 156M->4M(256M) 0,464ms
[2025-05-08T17:23:49.314+0300][39,625s][info ][gc] GC(515) Pause Young (Normal) (G1 Evacuation Pause) 156M->5M(256M) 0,883ms
[2025-05-08T17:23:49.391+0300][39,702s][info ][gc] GC(516) Pause Young (Normal) (G1 Evacuation Pause) 156M->6M(256M) 1,084ms
[2025-05-08T17:23:49.467+0300][39,778s][info ][gc] GC(517) Pause Young (Normal) (G1 Evacuation Pause) 156M->4M(256M) 0,575ms
[2025-05-08T17:23:49.545+0300][39,855s][info ][gc] GC(518) Pause Young (Normal) (G1 Evacuation Pause) 156M->5M(256M) 0,814ms
[2025-05-08T17:23:49.622+0300][39,932s][info ][gc] GC(519) Pause Young (Normal) (G1 Evacuation Pause) 156M->6M(256M) 1,177ms
[2025-05-08T17:23:49.697+0300][40,008s][info ][gc] GC(520) Pause Young (Normal) (G1 Evacuation Pause) 156M->4M(256M) 0,479ms
[2025-05-08T17:23:49.774+0300][40,085s][info ][gc] GC(521) Pause Young (Normal) (G1 Evacuation Pause) 156M->5M(256M) 0,760ms
[2025-05-08T17:23:49.851+0300][40,161s][info ][gc] GC(522) Pause Young (Normal) (G1 Evacuation Pause) 156M->6M(256M) 0,983ms
[2025-05-08T17:23:49.926+0300][40,237s][info ][gc] GC(523) Pause Young (Normal) (G1 Evacuation Pause) 156M->4M(256M) 0,496ms
[2025-05-08T17:23:50.004+0300][40,314s][info ][gc] GC(524) Pause Young (Normal) (G1 Evacuation Pause) 156M->5M(256M) 0,845ms
[2025-05-08T17:23:50.081+0300][40,391s][info ][gc] GC(525) Pause Young (Normal) (G1 Evacuation Pause) 156M->6M(256M) 1,043ms
[2025-05-08T17:23:50.156+0300][40,467s][info ][gc] GC(526) Pause Young (Normal) (G1 Evacuation Pause) 156M->4M(256M) 0,534ms
[2025-05-08T17:23:50.233+0300][40,544s][info ][gc] GC(527) Pause Young (Normal) (G1 Evacuation Pause) 156M->5M(256M) 0,863ms
[2025-05-08T17:23:50.310+0300][40,620s][info ][gc] GC(528) Pause Young (Normal) (G1 Evacuation Pause) 156M->6M(256M) 1,024ms
[2025-05-08T17:23:50.386+0300][40,697s][info ][gc] GC(529) Pause Young (Normal) (G1 Evacuation Pause) 156M->7M(256M) 1,183ms
[2025-05-08T17:23:50.462+0300][40,772s][info ][gc] GC(530) Pause Young (Normal) (G1 Evacuation Pause) 156M->4M(256M) 0,690ms
[2025-05-08T17:23:50.538+0300][40,849s][info ][gc] GC(531) Pause Young (Normal) (G1 Evacuation Pause) 155M->5M(256M) 0,861ms
[2025-05-08T17:23:50.615+0300][40,925s][info ][gc] GC(532) Pause Young (Normal) (G1 Evacuation Pause) 156M->6M(256M) 1,018ms
[2025-05-08T17:23:50.691+0300][41,001s][info ][gc] GC(533) Pause Young (Normal) (G1 Evacuation Pause) 156M->4M(256M) 0,523ms
[2025-05-08T17:23:50.768+0300][41,079s][info ][gc] GC(534) Pause Young (Normal) (G1 Evacuation Pause) 156M->5M(256M) 0,954ms
[2025-05-08T17:23:50.845+0300][41,156s][info ][gc] GC(535) Pause Young (Normal) (G1 Evacuation Pause) 156M->6M(256M) 1,000ms
[2025-05-08T17:23:50.920+0300][41,231s][info ][gc] GC(536) Pause Young (Normal) (G1 Evacuation Pause) 156M->4M(256M) 0,478ms
[2025-05-08T17:23:50.998+0300][41,308s][info ][gc] GC(537) Pause Young (Normal) (G1 Evacuation Pause) 156M->5M(256M) 0,835ms
[2025-05-08T17:23:51.075+0300][41,385s][info ][gc] GC(538) Pause Young (Normal) (G1 Evacuation Pause) 156M->6M(256M) 0,896ms
[2025-05-08T17:23:51.150+0300][41,461s][info ][gc] GC(539) Pause Young (Normal) (G1 Evacuation Pause) 156M->4M(256M) 0,514ms
[2025-05-08T17:23:51.227+0300][41,538s][info ][gc] GC(540) Pause Young (Normal) (G1 Evacuation Pause) 156M->5M(256M) 0,798ms
[2025-05-08T17:23:51.304+0300][41,614s][info ][gc] GC(541) Pause Young (Normal) (G1 Evacuation Pause) 156M->6M(256M) 0,982ms
[2025-05-08T17:23:51.380+0300][41,690s][info ][gc] GC(542) Pause Young (Normal) (G1 Evacuation Pause) 156M->4M(256M) 0,512ms
[2025-05-08T17:23:51.457+0300][41,767s][info ][gc] GC(543) Pause Young (Normal) (G1 Evacuation Pause) 156M->5M(256M) 0,680ms
[2025-05-08T17:23:51.534+0300][41,844s][info ][gc] GC(544) Pause Young (Normal) (G1 Evacuation Pause) 156M->6M(256M) 1,034ms
[2025-05-08T17:23:51.609+0300][41,920s][info ][gc] GC(545) Pause Young (Normal) (G1 Evacuation Pause) 156M->4M(256M) 0,469ms
[2025-05-08T17:23:51.686+0300][41,997s][info ][gc] GC(546) Pause Young (Normal) (G1 Evacuation Pause) 156M->5M(256M) 0,820ms
[2025-05-08T17:23:51.763+0300][42,074s][info ][gc] GC(547) Pause Young (Normal) (G1 Evacuation Pause) 156M->6M(256M) 1,027ms
[2025-05-08T17:23:51.840+0300][42,151s][info ][gc] GC(548) Pause Young (Normal) (G1 Evacuation Pause) 156M->7M(256M) 1,126ms
[2025-05-08T17:23:51.915+0300][42,226s][info ][gc] GC(549) Pause Young (Normal) (G1 Evacuation Pause) 156M->4M(256M) 0,616ms
[2025-05-08T17:23:51.993+0300][42,303s][info ][gc] GC(550) Pause Young (Normal) (G1 Evacuation Pause) 156M->5M(256M) 0,907ms
[2025-05-08T17:23:52.069+0300][42,380s][info ][gc] GC(551) Pause Young (Normal) (G1 Evacuation Pause) 156M->6M(256M) 1,072ms
[2025-05-08T17:23:52.145+0300][42,456s][info ][gc] GC(552) Pause Young (Normal) (G1 Evacuation Pause) 156M->4M(256M) 0,496ms
[2025-05-08T17:23:52.222+0300][42,533s][info ][gc] GC(553) Pause Young (Normal) (G1 Evacuation Pause) 156M->5M(256M) 0,874ms
[2025-05-08T17:23:52.299+0300][42,610s][info ][gc] GC(554) Pause Young (Normal) (G1 Evacuation Pause) 156M->6M(256M) 1,063ms
[2025-05-08T17:23:52.375+0300][42,685s][info ][gc] GC(555) Pause Young (Normal) (G1 Evacuation Pause) 156M->4M(256M) 0,487ms
[2025-05-08T17:23:52.451+0300][42,762s][info ][gc] GC(556) Pause Young (Normal) (G1 Evacuation Pause) 156M->5M(256M) 0,649ms
[2025-05-08T17:23:52.528+0300][42,839s][info ][gc] GC(557) Pause Young (Normal) (G1 Evacuation Pause) 156M->6M(256M) 1,072ms
[2025-05-08T17:23:52.604+0300][42,914s][info ][gc] GC(558) Pause Young (Normal) (G1 Evacuation Pause) 156M->4M(256M) 0,495ms
[2025-05-08T17:23:52.681+0300][42,992s][info ][gc] GC(559) Pause Young (Normal) (G1 Evacuation Pause) 156M->5M(256M) 0,808ms
[2025-05-08T17:23:52.758+0300][43,069s][info ][gc] GC(560) Pause Young (Normal) (G1 Evacuation Pause) 156M->6M(256M) 1,034ms
[2025-05-08T17:23:52.834+0300][43,144s][info ][gc] GC(561) Pause Young (Normal) (G1 Evacuation Pause) 156M->4M(256M) 0,491ms
[2025-05-08T17:23:52.911+0300][43,222s][info ][gc] GC(562) Pause Young (Normal) (G1 Evacuation Pause) 156M->5M(256M) 0,719ms
[2025-05-08T17:23:52.988+0300][43,299s][info ][gc] GC(563) Pause Young (Normal) (G1 Evacuation Pause) 156M->6M(256M) 1,074ms
[2025-05-08T17:23:53.064+0300][43,375s][info ][gc] GC(564) Pause Young (Normal) (G1 Evacuation Pause) 156M->4M(256M) 0,445ms
[2025-05-08T17:23:53.142+0300][43,452s][info ][gc] GC(565) Pause Young (Normal) (G1 Evacuation Pause) 156M->5M(256M) 0,688ms
[2025-05-08T17:23:53.218+0300][43,529s][info ][gc] GC(566) Pause Young (Normal) (G1 Evacuation Pause) 156M->6M(256M) 0,853ms
[2025-05-08T17:23:53.295+0300][43,606s][info ][gc] GC(567) Pause Young (Normal) (G1 Evacuation Pause) 156M->7M(256M) 1,283ms
[2025-05-08T17:23:53.371+0300][43,682s][info ][gc] GC(568) Pause Young (Normal) (G1 Evacuation Pause) 156M->4M(256M) 0,643ms
[2025-05-08T17:23:53.448+0300][43,758s][info ][gc] GC(569) Pause Young (Normal) (G1 Evacuation Pause) 155M->5M(256M) 0,761ms
[2025-05-08T17:23:53.525+0300][43,836s][info ][gc] GC(570) Pause Young (Normal) (G1 Evacuation Pause) 156M->6M(256M) 1,145ms
[2025-05-08T17:23:53.601+0300][43,912s][info ][gc] GC(571) Pause Young (Normal) (G1 Evacuation Pause) 156M->4M(256M) 0,566ms
[2025-05-08T17:23:53.678+0300][43,989s][info ][gc] GC(572) Pause Young (Normal) (G1 Evacuation Pause) 156M->5M(256M) 0,854ms
[2025-05-08T17:23:53.755+0300][44,066s][info ][gc] GC(573) Pause Young (Normal) (G1 Evacuation Pause) 156M->6M(256M) 1,165ms
[2025-05-08T17:23:53.831+0300][44,142s][info ][gc] GC(574) Pause Young (Normal) (G1 Evacuation Pause) 156M->4M(256M) 0,454ms
[2025-05-08T17:23:53.909+0300][44,219s][info ][gc] GC(575) Pause Young (Normal) (G1 Evacuation Pause) 156M->5M(256M) 0,902ms
[2025-05-08T17:23:53.986+0300][44,297s][info ][gc] GC(576) Pause Young (Normal) (G1 Evacuation Pause) 156M->6M(256M) 0,959ms
[2025-05-08T17:23:54.062+0300][44,373s][info ][gc] GC(577) Pause Young (Normal) (G1 Evacuation Pause) 156M->4M(256M) 0,521ms
[2025-05-08T17:23:54.139+0300][44,449s][info ][gc] GC(578) Pause Young (Normal) (G1 Evacuation Pause) 156M->5M(256M) 0,808ms
[2025-05-08T17:23:54.216+0300][44,527s][info ][gc] GC(579) Pause Young (Normal) (G1 Evacuation Pause) 156M->6M(256M) 1,020ms
[2025-05-08T17:23:54.292+0300][44,603s][info ][gc] GC(580) Pause Young (Normal) (G1 Evacuation Pause) 156M->4M(256M) 0,518ms
[2025-05-08T17:23:54.369+0300][44,679s][info ][gc] GC(581) Pause Young (Normal) (G1 Evacuation Pause) 156M->5M(256M) 0,851ms
[2025-05-08T17:23:54.446+0300][44,756s][info ][gc] GC(582) Pause Young (Normal) (G1 Evacuation Pause) 156M->6M(256M) 1,208ms
[2025-05-08T17:23:54.521+0300][44,832s][info ][gc] GC(583) Pause Young (Normal) (G1 Evacuation Pause) 156M->3M(256M) 0,467ms
[2025-05-08T17:23:54.598+0300][44,909s][info ][gc] GC(584) Pause Young (Normal) (G1 Evacuation Pause) 155M->5M(256M) 0,799ms
[2025-05-08T17:23:54.685+0300][44,996s][info ][gc] GC(585) Pause Young (Normal) (G1 Evacuation Pause) 156M->6M(256M) 1,130ms
[2025-05-08T17:23:54.761+0300][45,072s][info ][gc] GC(586) Pause Young (Normal) (G1 Evacuation Pause) 156M->7M(256M) 1,122ms
[2025-05-08T17:23:54.837+0300][45,147s][info ][gc] GC(587) Pause Young (Normal) (G1 Evacuation Pause) 156M->4M(256M) 0,656ms
[2025-05-08T17:23:54.914+0300][45,224s][info ][gc] GC(588) Pause Young (Normal) (G1 Evacuation Pause) 156M->5M(256M) 0,917ms
[2025-05-08T17:23:54.991+0300][45,302s][info ][gc] GC(589) Pause Young (Normal) (G1 Evacuation Pause) 156M->6M(256M) 0,980ms
[2025-05-08T17:23:55.066+0300][45,377s][info ][gc] GC(590) Pause Young (Normal) (G1 Evacuation Pause) 155M->4M(256M) 0,440ms
[2025-05-08T17:23:55.143+0300][45,454s][info ][gc] GC(591) Pause Young (Normal) (G1 Evacuation Pause) 156M->5M(256M) 0,875ms
[2025-05-08T17:23:55.220+0300][45,531s][info ][gc] GC(592) Pause Young (Normal) (G1 Evacuation Pause) 156M->6M(256M) 1,030ms
[2025-05-08T17:23:55.296+0300][45,607s][info ][gc] GC(593) Pause Young (Normal) (G1 Evacuation Pause) 156M->4M(256M) 0,453ms
[2025-05-08T17:23:55.373+0300][45,684s][info ][gc] GC(594) Pause Young (Normal) (G1 Evacuation Pause) 156M->5M(256M) 0,835ms
[2025-05-08T17:23:55.450+0300][45,760s][info ][gc] GC(595) Pause Young (Normal) (G1 Evacuation Pause) 156M->6M(256M) 0,843ms
[2025-05-08T17:23:55.525+0300][45,836s][info ][gc] GC(596) Pause Young (Normal) (G1 Evacuation Pause) 156M->4M(256M) 0,441ms
[2025-05-08T17:23:55.602+0300][45,913s][info ][gc] GC(597) Pause Young (Normal) (G1 Evacuation Pause) 156M->5M(256M) 0,696ms
[2025-05-08T17:23:55.679+0300][45,989s][info ][gc] GC(598) Pause Young (Normal) (G1 Evacuation Pause) 156M->6M(256M) 0,973ms
[2025-05-08T17:23:55.755+0300][46,065s][info ][gc] GC(599) Pause Young (Normal) (G1 Evacuation Pause) 156M->3M(256M) 0,543ms
[2025-05-08T17:23:55.832+0300][46,142s][info ][gc] GC(600) Pause Young (Normal) (G1 Evacuation Pause) 155M->5M(256M) 0,809ms
[2025-05-08T17:23:55.909+0300][46,220s][info ][gc] GC(601) Pause Young (Normal) (G1 Evacuation Pause) 156M->6M(256M) 1,134ms
[2025-05-08T17:23:55.986+0300][46,296s][info ][gc] GC(602) Pause Young (Normal) (G1 Evacuation Pause) 156M->7M(256M) 1,187ms
[2025-05-08T17:23:56.062+0300][46,372s][info ][gc] GC(603) Pause Young (Normal) (G1 Evacuation Pause) 156M->4M(256M) 0,683ms
[2025-05-08T17:23:56.139+0300][46,450s][info ][gc] GC(604) Pause Young (Normal) (G1 Evacuation Pause) 156M->5M(256M) 0,930ms
[2025-05-08T17:23:56.216+0300][46,527s][info ][gc] GC(605) Pause Young (Normal) (G1 Evacuation Pause) 156M->6M(256M) 1,129ms
[2025-05-08T17:23:56.293+0300][46,603s][info ][gc] GC(606) Pause Young (Normal) (G1 Evacuation Pause) 156M->4M(256M) 0,475ms
[2025-05-08T17:23:56.370+0300][46,681s][info ][gc] GC(607) Pause Young (Normal) (G1 Evacuation Pause) 156M->5M(256M) 0,834ms
[2025-05-08T17:23:56.447+0300][46,758s][info ][gc] GC(608) Pause Young (Normal) (G1 Evacuation Pause) 156M->6M(256M) 1,045ms
[2025-05-08T17:23:56.523+0300][46,834s][info ][gc] GC(609) Pause Young (Normal) (G1 Evacuation Pause) 156M->4M(256M) 0,490ms
[2025-05-08T17:23:56.601+0300][46,911s][info ][gc] GC(610) Pause Young (Normal) (G1 Evacuation Pause) 156M->5M(256M) 0,872ms
[2025-05-08T17:23:56.678+0300][46,988s][info ][gc] GC(611) Pause Young (Normal) (G1 Evacuation Pause) 156M->6M(256M) 1,056ms
[2025-05-08T17:23:56.754+0300][47,064s][info ][gc] GC(612) Pause Young (Normal) (G1 Evacuation Pause) 156M->4M(256M) 0,522ms
[2025-05-08T17:23:56.831+0300][47,141s][info ][gc] GC(613) Pause Young (Normal) (G1 Evacuation Pause) 156M->5M(256M) 0,798ms
[2025-05-08T17:23:56.908+0300][47,218s][info ][gc] GC(614) Pause Young (Normal) (G1 Evacuation Pause) 156M->6M(256M) 1,027ms
[2025-05-08T17:23:56.984+0300][47,295s][info ][gc] GC(615) Pause Young (Normal) (G1 Evacuation Pause) 156M->4M(256M) 0,569ms
[2025-05-08T17:23:57.061+0300][47,372s][info ][gc] GC(616) Pause Young (Normal) (G1 Evacuation Pause) 156M->5M(256M) 0,830ms
[2025-05-08T17:23:57.138+0300][47,449s][info ][gc] GC(617) Pause Young (Normal) (G1 Evacuation Pause) 156M->6M(256M) 1,080ms
[2025-05-08T17:23:57.214+0300][47,525s][info ][gc] GC(618) Pause Young (Normal) (G1 Evacuation Pause) 156M->4M(256M) 0,658ms
[2025-05-08T17:23:57.292+0300][47,602s][info ][gc] GC(619) Pause Young (Normal) (G1 Evacuation Pause) 156M->5M(256M) 0,671ms
[2025-05-08T17:23:57.369+0300][47,679s][info ][gc] GC(620) Pause Young (Normal) (G1 Evacuation Pause) 156M->6M(256M) 1,005ms
[2025-05-08T17:23:57.444+0300][47,755s][info ][gc] GC(621) Pause Young (Normal) (G1 Evacuation Pause) 156M->4M(256M) 0,307ms
[2025-05-08T17:23:57.521+0300][47,832s][info ][gc] GC(622) Pause Young (Normal) (G1 Evacuation Pause) 156M->5M(256M) 0,683ms
[2025-05-08T17:23:57.598+0300][47,909s][info ][gc] GC(623) Pause Young (Normal) (G1 Evacuation Pause) 156M->6M(256M) 1,086ms
[2025-05-08T17:23:57.675+0300][47,986s][info ][gc] GC(624) Pause Young (Normal) (G1 Evacuation Pause) 156M->7M(256M) 1,190ms
[2025-05-08T17:23:57.751+0300][48,061s][info ][gc] GC(625) Pause Young (Normal) (G1 Evacuation Pause) 156M->4M(256M) 0,706ms
[2025-05-08T17:23:57.828+0300][48,138s][info ][gc] GC(626) Pause Young (Normal) (G1 Evacuation Pause) 156M->5M(256M) 0,890ms
[2025-05-08T17:23:57.905+0300][48,216s][info ][gc] GC(627) Pause Young (Normal) (G1 Evacuation Pause) 156M->6M(256M) 1,061ms
[2025-05-08T17:23:57.982+0300][48,292s][info ][gc] GC(628) Pause Young (Normal) (G1 Evacuation Pause) 156M->4M(256M) 0,655ms
[2025-05-08T17:23:58.059+0300][48,369s][info ][gc] GC(629) Pause Young (Normal) (G1 Evacuation Pause) 156M->5M(256M) 0,874ms
[2025-05-08T17:23:58.136+0300][48,446s][info ][gc] GC(630) Pause Young (Normal) (G1 Evacuation Pause) 156M->6M(256M) 1,091ms
[2025-05-08T17:23:58.212+0300][48,522s][info ][gc] GC(631) Pause Young (Normal) (G1 Evacuation Pause) 156M->4M(256M) 0,459ms
[2025-05-08T17:23:58.289+0300][48,600s][info ][gc] GC(632) Pause Young (Normal) (G1 Evacuation Pause) 156M->5M(256M) 0,851ms
[2025-05-08T17:23:58.367+0300][48,678s][info ][gc] GC(633) Pause Young (Normal) (G1 Evacuation Pause) 156M->6M(256M) 1,073ms
[2025-05-08T17:23:58.443+0300][48,753s][info ][gc] GC(634) Pause Young (Normal) (G1 Evacuation Pause) 156M->4M(256M) 0,510ms
[2025-05-08T17:23:58.519+0300][48,830s][info ][gc] GC(635) Pause Young (Normal) (G1 Evacuation Pause) 156M->5M(256M) 0,721ms
[2025-05-08T17:23:58.596+0300][48,906s][info ][gc] GC(636) Pause Young (Normal) (G1 Evacuation Pause) 156M->6M(256M) 1,016ms
[2025-05-08T17:23:58.671+0300][48,982s][info ][gc] GC(637) Pause Young (Normal) (G1 Evacuation Pause) 156M->4M(256M) 0,423ms
[2025-05-08T17:23:58.748+0300][49,059s][info ][gc] GC(638) Pause Young (Normal) (G1 Evacuation Pause) 156M->5M(256M) 0,744ms
[2025-05-08T17:23:58.824+0300][49,135s][info ][gc] GC(639) Pause Young (Normal) (G1 Evacuation Pause) 156M->6M(256M) 0,825ms
[2025-05-08T17:23:58.900+0300][49,211s][info ][gc] GC(640) Pause Young (Normal) (G1 Evacuation Pause) 156M->4M(256M) 0,492ms
[2025-05-08T17:23:58.977+0300][49,288s][info ][gc] GC(641) Pause Young (Normal) (G1 Evacuation Pause) 156M->5M(256M) 0,769ms
[2025-05-08T17:23:59.054+0300][49,364s][info ][gc] GC(642) Pause Young (Normal) (G1 Evacuation Pause) 156M->6M(256M) 0,985ms
[2025-05-08T17:23:59.130+0300][49,441s][info ][gc] GC(643) Pause Young (Normal) (G1 Evacuation Pause) 156M->7M(256M) 1,300ms
[2025-05-08T17:23:59.206+0300][49,517s][info ][gc] GC(644) Pause Young (Normal) (G1 Evacuation Pause) 156M->4M(256M) 0,718ms
[2025-05-08T17:23:59.283+0300][49,594s][info ][gc] GC(645) Pause Young (Normal) (G1 Evacuation Pause) 156M->5M(256M) 0,943ms
[2025-05-08T17:23:59.361+0300][49,671s][info ][gc] GC(646) Pause Young (Normal) (G1 Evacuation Pause) 156M->6M(256M) 1,017ms
[2025-05-08T17:23:59.436+0300][49,747s][info ][gc] GC(647) Pause Young (Normal) (G1 Evacuation Pause) 155M->4M(256M) 0,455ms
[2025-05-08T17:23:59.513+0300][49,824s][info ][gc] GC(648) Pause Young (Normal) (G1 Evacuation Pause) 156M->5M(256M) 0,846ms
[2025-05-08T17:23:59.590+0300][49,901s][info ][gc] GC(649) Pause Young (Normal) (G1 Evacuation Pause) 156M->6M(256M) 1,021ms
[2025-05-08T17:23:59.666+0300][49,977s][info ][gc] GC(650) Pause Young (Normal) (G1 Evacuation Pause) 156M->4M(256M) 0,510ms
[2025-05-08T17:23:59.744+0300][50,055s][info ][gc] GC(651) Pause Young (Normal) (G1 Evacuation Pause) 156M->5M(256M) 0,625ms
[2025-05-08T17:23:59.821+0300][50,131s][info ][gc] GC(652) Pause Young (Normal) (G1 Evacuation Pause) 156M->6M(256M) 1,003ms
[2025-05-08T17:23:59.897+0300][50,207s][info ][gc] GC(653) Pause Young (Normal) (G1 Evacuation Pause) 156M->4M(256M) 0,495ms
[2025-05-08T17:23:59.974+0300][50,285s][info ][gc] GC(654) Pause Young (Normal) (G1 Evacuation Pause) 156M->5M(256M) 0,646ms
[2025-05-08T17:24:00.051+0300][50,361s][info ][gc] GC(655) Pause Young (Normal) (G1 Evacuation Pause) 156M->6M(256M) 1,045ms
[2025-05-08T17:24:00.127+0300][50,437s][info ][gc] GC(656) Pause Young (Normal) (G1 Evacuation Pause) 156M->4M(256M) 0,549ms
[2025-05-08T17:24:00.203+0300][50,514s][info ][gc] GC(657) Pause Young (Normal) (G1 Evacuation Pause) 156M->5M(256M) 0,700ms
[2025-05-08T17:24:00.280+0300][50,590s][info ][gc] GC(658) Pause Young (Normal) (G1 Evacuation Pause) 156M->6M(256M) 1,009ms
[2025-05-08T17:24:00.355+0300][50,666s][info ][gc] GC(659) Pause Young (Normal) (G1 Evacuation Pause) 156M->4M(256M) 0,476ms
[2025-05-08T17:24:00.432+0300][50,743s][info ][gc] GC(660) Pause Young (Normal) (G1 Evacuation Pause) 156M->5M(256M) 0,690ms
[2025-05-08T17:24:00.509+0300][50,820s][info ][gc] GC(661) Pause Young (Normal) (G1 Evacuation Pause) 156M->6M(256M) 0,870ms
[2025-05-08T17:24:00.586+0300][50,896s][info ][gc] GC(662) Pause Young (Normal) (G1 Evacuation Pause) 156M->7M(256M) 1,153ms
[2025-05-08T17:24:00.661+0300][50,972s][info ][gc] GC(663) Pause Young (Normal) (G1 Evacuation Pause) 156M->4M(256M) 0,670ms
[2025-05-08T17:24:00.739+0300][51,049s][info ][gc] GC(664) Pause Young (Normal) (G1 Evacuation Pause) 156M->5M(256M) 0,912ms
[2025-05-08T17:24:00.817+0300][51,127s][info ][gc] GC(665) Pause Young (Normal) (G1 Evacuation Pause) 156M->6M(256M) 1,162ms
[2025-05-08T17:24:00.893+0300][51,203s][info ][gc] GC(666) Pause Young (Normal) (G1 Evacuation Pause) 156M->4M(256M) 0,639ms
[2025-05-08T17:24:00.970+0300][51,281s][info ][gc] GC(667) Pause Young (Normal) (G1 Evacuation Pause) 156M->5M(256M) 0,780ms
[2025-05-08T17:24:01.047+0300][51,358s][info ][gc] GC(668) Pause Young (Normal) (G1 Evacuation Pause) 156M->6M(256M) 1,002ms
[2025-05-08T17:24:01.123+0300][51,434s][info ][gc] GC(669) Pause Young (Normal) (G1 Evacuation Pause) 156M->4M(256M) 0,475ms
[2025-05-08T17:24:01.200+0300][51,511s][info ][gc] GC(670) Pause Young (Normal) (G1 Evacuation Pause) 156M->5M(256M) 0,847ms
[2025-05-08T17:24:01.278+0300][51,588s][info ][gc] GC(671) Pause Young (Normal) (G1 Evacuation Pause) 156M->6M(256M) 1,034ms
[2025-05-08T17:24:01.354+0300][51,665s][info ][gc] GC(672) Pause Young (Normal) (G1 Evacuation Pause) 156M->4M(256M) 0,627ms
[2025-05-08T17:24:01.431+0300][51,742s][info ][gc] GC(673) Pause Young (Normal) (G1 Evacuation Pause) 156M->5M(256M) 0,694ms
[2025-05-08T17:24:01.509+0300][51,819s][info ][gc] GC(674) Pause Young (Normal) (G1 Evacuation Pause) 156M->6M(256M) 1,000ms
[2025-05-08T17:24:01.585+0300][51,895s][info ][gc] GC(675) Pause Young (Normal) (G1 Evacuation Pause) 156M->4M(256M) 0,642ms
[2025-05-08T17:24:01.662+0300][51,973s][info ][gc] GC(676) Pause Young (Normal) (G1 Evacuation Pause) 156M->5M(256M) 0,832ms
[2025-05-08T17:24:01.739+0300][52,049s][info ][gc] GC(677) Pause Young (Normal) (G1 Evacuation Pause) 156M->6M(256M) 1,055ms
[2025-05-08T17:24:01.815+0300][52,126s][info ][gc] GC(678) Pause Young (Normal) (G1 Evacuation Pause) 156M->4M(256M) 0,441ms
[2025-05-08T17:24:01.892+0300][52,203s][info ][gc] GC(679) Pause Young (Normal) (G1 Evacuation Pause) 156M->5M(256M) 0,681ms
[2025-05-08T17:24:01.969+0300][52,280s][info ][gc] GC(680) Pause Young (Normal) (G1 Evacuation Pause) 156M->6M(256M) 1,124ms
[2025-05-08T17:24:02.045+0300][52,356s][info ][gc] GC(681) Pause Young (Normal) (G1 Evacuation Pause) 156M->7M(256M) 1,163ms
[2025-05-08T17:24:02.120+0300][52,431s][info ][gc] GC(682) Pause Young (Normal) (G1 Evacuation Pause) 156M->4M(256M) 0,686ms
[2025-05-08T17:24:02.197+0300][52,507s][info ][gc] GC(683) Pause Young (Normal) (G1 Evacuation Pause) 155M->5M(256M) 0,916ms
[2025-05-08T17:24:02.273+0300][52,584s][info ][gc] GC(684) Pause Young (Normal) (G1 Evacuation Pause) 156M->6M(256M) 1,057ms
